<html>
<body>
<pre>
<h1>µVision Build Log</h1>
<h2>Tool Versions:</h2>
IDE-Version: ¦ÌVision V5.38.0.0
Copyright (C) 2022 ARM Ltd and ARM Germany GmbH. All rights reserved.
License Information: Yuning Ji, SEU, LIC=14HV2-9VDFU-JJQ6S-LYANM-XGR98-JH7F7
 
Tool Versions:
Toolchain:       MDK-ARM Plus  Version: 5.38.0.0
Toolchain Path:  D:\Keil_v5\ARM\ARMCLANG\Bin
C Compiler:      ArmClang.exe V6.19
Assembler:       Armasm.exe V6.19
Linker/Locator:  ArmLink.exe V6.19
Library Manager: ArmAr.exe V6.19
Hex Converter:   FromElf.exe V6.19
CPU DLL:         SARMCM3.DLL V5.38.0.0
Dialog DLL:      DCM.DLL V1.17.5.0
Target DLL:      STLink\ST-LINKIII-KEIL_SWO.dll V3.1.0.0
Dialog DLL:      TCM.DLL V1.56.4.0
 
<h2>Project:</h2>
C:\Users\admin\Desktop\submission2\deploy\MDK-ARM\TESTMODEL.uvprojx
Project File Date:  10/08/2023

<h2>Output:</h2>
*** Using Compiler 'V6.19', folder: 'D:\Keil_v5\ARM\ARMCLANG\Bin'
Rebuild target 'TESTMODEL'
assembling startup_stm32f303x8.s...
compiling crc.c...
compiling stm32f3xx_ll_utils.c...
compiling stm32f3xx_ll_exti.c...
compiling gpio.c...
compiling stm32f3xx_hal_msp.c...
compiling tim.c...
compiling aiRun.c...
compiling usart.c...
compiling stm32f3xx_it.c...
../Src/main.c(144): warning: incompatible pointer types passing 'float[1][1250][1]' to parameter of type 'const float *' [-Wincompatible-pointer-types]
    aiRun(input,result);
          ^~~~~
../Inc/main.h(46): note: passing argument to parameter 'input' here
int aiRun(const float *input, float *result);
                       ^
1 warning generated.
compiling main.c...
compiling stm32f3xx_hal_crc.c...
compiling stm32f3xx_hal_crc_ex.c...
compiling stm32f3xx_hal.c...
compiling stm32f3xx_hal_pwr_ex.c...
compiling stm32f3xx_hal_gpio.c...
compiling stm32f3xx_hal_pwr.c...
compiling stm32f3xx_hal_rcc.c...
compiling stm32f3xx_hal_cortex.c...
compiling stm32f3xx_hal_rcc_ex.c...
compiling stm32f3xx_hal_flash.c...
compiling stm32f3xx_hal_dma.c...
compiling stm32f3xx_hal_flash_ex.c...
compiling stm32f3xx_hal_i2c_ex.c...
compiling stm32f3xx_hal_exti.c...
compiling stm32f3xx_hal_tim_ex.c...
compiling stm32f3xx_ll_gpio.c...
compiling stm32f3xx_hal_tim.c...
compiling stm32f3xx_ll_rcc.c...
compiling stm32f3xx_ll_tim.c...
compiling stm32f3xx_hal_uart_ex.c...
compiling stm32f3xx_ll_dma.c...
compiling stm32f3xx_hal_i2c.c...
compiling system_stm32f3xx.c...
compiling stm32f3xx_hal_uart.c...
linking...
Program Size: Code=9730 RO-data=490 RW-data=24 ZI-data=7232  
FromELF: creating hex file...
"TESTMODEL\TESTMODEL.axf" - 0 Error(s), 1 Warning(s).

<h2>Software Packages used:</h2>

Package Vendor: ARM
                http://www.keil.com/pack/ARM.CMSIS.5.9.0.pack
                ARM.CMSIS.5.9.0
                CMSIS (Common Microcontroller Software Interface Standard)
   * Component: CORE Version: 5.6.0

Package Vendor: Keil
                http://www.keil.com/pack/Keil.STM32F3xx_DFP.2.2.2.pack
                Keil.STM32F3xx_DFP.2.2.2
                STMicroelectronics STM32F3 Series Device Support and Examples

<h2>Collection of Component include folders:</h2>
  ./RTE/_TESTMODEL
  D:/Keil_v5/ARM/Packs/ARM/CMSIS/5.9.0/CMSIS/Core/Include
  D:/Keil_v5/ARM/Packs/Keil/STM32F3xx_DFP/2.2.2/Drivers/CMSIS/Device/ST/STM32F3xx/Include

<h2>Collection of Component Files used:</h2>

   * Component: ARM::CMSIS:CORE:5.6.0
Build Time Elapsed:  00:00:06
</pre>
</body>
</html>
