Component: Arm Compiler for Embedded 6.19 Tool: armlink [5e73cb00]

==============================================================================

Section Cross References

    startup_stm32f303x8.o(RESET) refers to startup_stm32f303x8.o(STACK) for __initial_sp
    startup_stm32f303x8.o(RESET) refers to startup_stm32f303x8.o(.text) for Reset_Handler
    startup_stm32f303x8.o(RESET) refers to lto-llvm-2990b1.o(.text.NMI_Handler) for NMI_Handler
    startup_stm32f303x8.o(RESET) refers to lto-llvm-2990b1.o(.text.HardFault_Handler) for HardFault_Handler
    startup_stm32f303x8.o(RESET) refers to lto-llvm-2990b1.o(.text.MemManage_Handler) for MemManage_Handler
    startup_stm32f303x8.o(RESET) refers to lto-llvm-2990b1.o(.text.BusFault_Handler) for BusFault_Handler
    startup_stm32f303x8.o(RESET) refers to lto-llvm-2990b1.o(.text.UsageFault_Handler) for UsageFault_Handler
    startup_stm32f303x8.o(RESET) refers to lto-llvm-2990b1.o(.text.SVC_Handler) for SVC_Handler
    startup_stm32f303x8.o(RESET) refers to lto-llvm-2990b1.o(.text.DebugMon_Handler) for DebugMon_Handler
    startup_stm32f303x8.o(RESET) refers to lto-llvm-2990b1.o(.text.PendSV_Handler) for PendSV_Handler
    startup_stm32f303x8.o(RESET) refers to lto-llvm-2990b1.o(.text.SysTick_Handler) for SysTick_Handler
    startup_stm32f303x8.o(RESET) refers to lto-llvm-2990b1.o(.text.TIM2_IRQHandler) for TIM2_IRQHandler
    startup_stm32f303x8.o(.text) refers to lto-llvm-2990b1.o(.text.SystemInit) for SystemInit
    startup_stm32f303x8.o(.text) refers to entry.o(.ARM.Collect$$$$00000000) for __main
    sqrtf.o(i.__hardfp_sqrtf) refers (Special) to iusefp.o(.text) for __I$use$fp
    sqrtf.o(i.__hardfp_sqrtf) refers to errno.o(i.__set_errno) for __set_errno
    sqrtf.o(i.__softfp_sqrtf) refers (Special) to iusefp.o(.text) for __I$use$fp
    sqrtf.o(i.__softfp_sqrtf) refers to errno.o(i.__set_errno) for __set_errno
    sqrtf.o(i.sqrtf) refers (Special) to iusefp.o(.text) for __I$use$fp
    sqrtf.o(i.sqrtf) refers to errno.o(i.__set_errno) for __set_errno
    entry.o(.ARM.Collect$$$$00000000) refers (Special) to entry10a.o(.ARM.Collect$$$$0000000D) for __rt_final_cpp
    entry.o(.ARM.Collect$$$$00000000) refers (Special) to entry11a.o(.ARM.Collect$$$$0000000F) for __rt_final_exit
    entry.o(.ARM.Collect$$$$00000000) refers (Special) to entry7b.o(.ARM.Collect$$$$00000008) for _main_clock
    entry.o(.ARM.Collect$$$$00000000) refers (Special) to entry8b.o(.ARM.Collect$$$$0000000A) for _main_cpp_init
    entry.o(.ARM.Collect$$$$00000000) refers (Special) to entry9a.o(.ARM.Collect$$$$0000000B) for _main_init
    entry.o(.ARM.Collect$$$$00000000) refers (Special) to entry5.o(.ARM.Collect$$$$00000004) for _main_scatterload
    entry.o(.ARM.Collect$$$$00000000) refers (Special) to entry2.o(.ARM.Collect$$$$00000001) for _main_stk
    printfb.o(i.__0fprintf$bare) refers to printfb.o(i._printf_core) for _printf_core
    printfb.o(i.__0fprintf$bare) refers to lto-llvm-2990b1.o(.text.fputc) for fputc
    printfb.o(i.__0printf$bare) refers to printfb.o(i._printf_core) for _printf_core
    printfb.o(i.__0printf$bare) refers to lto-llvm-2990b1.o(.text.fputc) for fputc
    printfb.o(i.__0printf$bare) refers to stdout.o(.data) for __stdout
    printfb.o(i.__0snprintf$bare) refers to printfb.o(i._printf_core) for _printf_core
    printfb.o(i.__0snprintf$bare) refers to printfb.o(i._snputc) for _snputc
    printfb.o(i.__0sprintf$bare) refers to printfb.o(i._printf_core) for _printf_core
    printfb.o(i.__0sprintf$bare) refers to printfb.o(i._sputc) for _sputc
    printfb.o(i.__0vfprintf$bare) refers to printfb.o(i._printf_core) for _printf_core
    printfb.o(i.__0vfprintf$bare) refers to lto-llvm-2990b1.o(.text.fputc) for fputc
    printfb.o(i.__0vprintf$bare) refers to printfb.o(i._printf_core) for _printf_core
    printfb.o(i.__0vprintf$bare) refers to lto-llvm-2990b1.o(.text.fputc) for fputc
    printfb.o(i.__0vprintf$bare) refers to stdout.o(.data) for __stdout
    printfb.o(i.__0vsnprintf$bare) refers to printfb.o(i._printf_core) for _printf_core
    printfb.o(i.__0vsnprintf$bare) refers to printfb.o(i._snputc) for _snputc
    printfb.o(i.__0vsprintf$bare) refers to printfb.o(i._printf_core) for _printf_core
    printfb.o(i.__0vsprintf$bare) refers to printfb.o(i._sputc) for _sputc
    printf0.o(i.__0fprintf$0) refers to printf0.o(i._printf_core) for _printf_core
    printf0.o(i.__0fprintf$0) refers to lto-llvm-2990b1.o(.text.fputc) for fputc
    printf0.o(i.__0printf$0) refers to printf0.o(i._printf_core) for _printf_core
    printf0.o(i.__0printf$0) refers to lto-llvm-2990b1.o(.text.fputc) for fputc
    printf0.o(i.__0printf$0) refers to stdout.o(.data) for __stdout
    printf0.o(i.__0snprintf$0) refers to printf0.o(i._printf_core) for _printf_core
    printf0.o(i.__0snprintf$0) refers to printf0.o(i._snputc) for _snputc
    printf0.o(i.__0sprintf$0) refers to printf0.o(i._printf_core) for _printf_core
[...]
    printf5.o(i.__0sprintf$5) refers to printf5.o(i._printf_core) for _printf_core
    printf5.o(i.__0sprintf$5) refers to printf5.o(i._sputc) for _sputc
    printf5.o(i.__0vfprintf$5) refers to printf5.o(i._printf_core) for _printf_core
    printf5.o(i.__0vfprintf$5) refers to lto-llvm-2990b1.o(.text.fputc) for fputc
    printf5.o(i.__0vprintf$5) refers to printf5.o(i._printf_core) for _printf_core
    printf5.o(i.__0vprintf$5) refers to lto-llvm-2990b1.o(.text.fputc) for fputc
    printf5.o(i.__0vprintf$5) refers to stdout.o(.data) for __stdout
    printf5.o(i.__0vsnprintf$5) refers to printf5.o(i._printf_core) for _printf_core
    printf5.o(i.__0vsnprintf$5) refers to printf5.o(i._snputc) for _snputc
    printf5.o(i.__0vsprintf$5) refers to printf5.o(i._printf_core) for _printf_core
    printf5.o(i.__0vsprintf$5) refers to printf5.o(i._sputc) for _sputc
    printf5.o(i._printf_core) refers to uldiv.o(.text) for __aeabi_uldivmod
    printf6.o(i.__0fprintf$6) refers to printf6.o(i._printf_core) for _printf_core
    printf6.o(i.__0fprintf$6) refers to lto-llvm-2990b1.o(.text.fputc) for fputc
    printf6.o(i.__0printf$6) refers to printf6.o(i._printf_core) for _printf_core
    printf6.o(i.__0printf$6) refers to lto-llvm-2990b1.o(.text.fputc) for fputc
    printf6.o(i.__0printf$6) refers to stdout.o(.data) for __stdout
    printf6.o(i.__0snprintf$6) refers to printf6.o(i._printf_core) for _printf_core
    printf6.o(i.__0snprintf$6) refers to printf6.o(i._snputc) for _snputc
    printf6.o(i.__0sprintf$6) refers to printf6.o(i._printf_core) for _printf_core
    printf6.o(i.__0sprintf$6) refers to printf6.o(i._sputc) for _sputc
    printf6.o(i.__0vfprintf$6) refers to printf6.o(i._printf_core) for _printf_core
    printf6.o(i.__0vfprintf$6) refers to lto-llvm-2990b1.o(.text.fputc) for fputc
    printf6.o(i.__0vprintf$6) refers to printf6.o(i._printf_core) for _printf_core
    printf6.o(i.__0vprintf$6) refers to lto-llvm-2990b1.o(.text.fputc) for fputc
    printf6.o(i.__0vprintf$6) refers to stdout.o(.data) for __stdout
    printf6.o(i.__0vsnprintf$6) refers to printf6.o(i._printf_core) for _printf_core
    printf6.o(i.__0vsnprintf$6) refers to printf6.o(i._snputc) for _snputc
    printf6.o(i.__0vsprintf$6) refers to printf6.o(i._printf_core) for _printf_core
    printf6.o(i.__0vsprintf$6) refers to printf6.o(i._sputc) for _sputc
    printf6.o(i._printf_core) refers to printf6.o(i._printf_pre_padding) for _printf_pre_padding
    printf6.o(i._printf_core) refers to uidiv.o(.text) for __aeabi_uidivmod
    printf6.o(i._printf_core) refers to printf6.o(i._printf_post_padding) for _printf_post_padding
    printf7.o(i.__0fprintf$7) refers to printf7.o(i._printf_core) for _printf_core
    printf7.o(i.__0fprintf$7) refers to lto-llvm-2990b1.o(.text.fputc) for fputc
    printf7.o(i.__0printf$7) refers to printf7.o(i._printf_core) for _printf_core
    printf7.o(i.__0printf$7) refers to lto-llvm-2990b1.o(.text.fputc) for fputc
    printf7.o(i.__0printf$7) refers to stdout.o(.data) for __stdout
    printf7.o(i.__0snprintf$7) refers to printf7.o(i._printf_core) for _printf_core
    printf7.o(i.__0snprintf$7) refers to printf7.o(i._snputc) for _snputc
    printf7.o(i.__0sprintf$7) refers to printf7.o(i._printf_core) for _printf_core
    printf7.o(i.__0sprintf$7) refers to printf7.o(i._sputc) for _sputc
    printf7.o(i.__0vfprintf$7) refers to printf7.o(i._printf_core) for _printf_core
    printf7.o(i.__0vfprintf$7) refers to lto-llvm-2990b1.o(.text.fputc) for fputc
    printf7.o(i.__0vprintf$7) refers to printf7.o(i._printf_core) for _printf_core
    printf7.o(i.__0vprintf$7) refers to lto-llvm-2990b1.o(.text.fputc) for fputc
    printf7.o(i.__0vprintf$7) refers to stdout.o(.data) for __stdout
    printf7.o(i.__0vsnprintf$7) refers to printf7.o(i._printf_core) for _printf_core
    printf7.o(i.__0vsnprintf$7) refers to printf7.o(i._snputc) for _snputc
    printf7.o(i.__0vsprintf$7) refers to printf7.o(i._printf_core) for _printf_core
    printf7.o(i.__0vsprintf$7) refers to printf7.o(i._sputc) for _sputc
    printf7.o(i._printf_core) refers to printf7.o(i._printf_pre_padding) for _printf_pre_padding
    printf7.o(i._printf_core) refers to uldiv.o(.text) for __aeabi_uldivmod
    printf7.o(i._printf_core) refers to printf7.o(i._printf_post_padding) for _printf_post_padding
    printf8.o(i.__0fprintf$8) refers to printf8.o(i._printf_core) for _printf_core
    printf8.o(i.__0fprintf$8) refers to lto-llvm-2990b1.o(.text.fputc) for fputc
    printf8.o(i.__0printf$8) refers to printf8.o(i._printf_core) for _printf_core
    printf8.o(i.__0printf$8) refers to lto-llvm-2990b1.o(.text.fputc) for fputc
    printf8.o(i.__0printf$8) refers to stdout.o(.data) for __stdout
    printf8.o(i.__0snprintf$8) refers to printf8.o(i._printf_core) for _printf_core
    printf8.o(i.__0snprintf$8) refers to printf8.o(i._snputc) for _snputc
    printf8.o(i.__0sprintf$8) refers to printf8.o(i._printf_core) for _printf_core
    printf8.o(i.__0sprintf$8) refers to printf8.o(i._sputc) for _sputc
    printf8.o(i.__0vfprintf$8) refers to printf8.o(i._printf_core) for _printf_core
    printf8.o(i.__0vfprintf$8) refers to lto-llvm-2990b1.o(.text.fputc) for fputc
    printf8.o(i.__0vprintf$8) refers to printf8.o(i._printf_core) for _printf_core
    printf8.o(i.__0vprintf$8) refers to lto-llvm-2990b1.o(.text.fputc) for fputc
    printf8.o(i.__0vprintf$8) refers to stdout.o(.data) for __stdout
    printf8.o(i.__0vsnprintf$8) refers to printf8.o(i._printf_core) for _printf_core
    printf8.o(i.__0vsnprintf$8) refers to printf8.o(i._snputc) for _snputc
    printf8.o(i.__0vsprintf$8) refers to printf8.o(i._printf_core) for _printf_core
    printf8.o(i.__0vsprintf$8) refers to printf8.o(i._sputc) for _sputc
    printf8.o(i._printf_core) refers to printf8.o(i._printf_pre_padding) for _printf_pre_padding
    printf8.o(i._printf_core) refers to uldiv.o(.text) for __aeabi_uldivmod
    printf8.o(i._printf_core) refers to printf8.o(i._printf_post_padding) for _printf_post_padding
    printfa.o(i.__0fprintf) refers (Special) to iusefp.o(.text) for __I$use$fp
    printfa.o(i.__0fprintf) refers to printfa.o(i._printf_core) for _printf_core
    printfa.o(i.__0fprintf) refers to lto-llvm-2990b1.o(.text.fputc) for fputc
    printfa.o(i.__0printf) refers (Special) to iusefp.o(.text) for __I$use$fp
    printfa.o(i.__0printf) refers to printfa.o(i._printf_core) for _printf_core
    printfa.o(i.__0printf) refers to lto-llvm-2990b1.o(.text.fputc) for fputc
    printfa.o(i.__0printf) refers to stdout.o(.data) for __stdout
    printfa.o(i.__0snprintf) refers (Special) to iusefp.o(.text) for __I$use$fp
    printfa.o(i.__0snprintf) refers to printfa.o(i._printf_core) for _printf_core
    printfa.o(i.__0snprintf) refers to printfa.o(i._snputc) for _snputc
    printfa.o(i.__0sprintf) refers (Special) to iusefp.o(.text) for __I$use$fp
    printfa.o(i.__0sprintf) refers to printfa.o(i._printf_core) for _printf_core
    printfa.o(i.__0sprintf) refers to printfa.o(i._sputc) for _sputc
    printfa.o(i.__0vfprintf) refers (Special) to iusefp.o(.text) for __I$use$fp
    printfa.o(i.__0vfprintf) refers to printfa.o(i._printf_core) for _printf_core
    printfa.o(i.__0vfprintf) refers to lto-llvm-2990b1.o(.text.fputc) for fputc
    printfa.o(i.__0vprintf) refers (Special) to iusefp.o(.text) for __I$use$fp
    printfa.o(i.__0vprintf) refers to printfa.o(i._printf_core) for _printf_core
    printfa.o(i.__0vprintf) refers to lto-llvm-2990b1.o(.text.fputc) for fputc
    printfa.o(i.__0vprintf) refers to stdout.o(.data) for __stdout
    printfa.o(i.__0vsnprintf) refers (Special) to iusefp.o(.text) for __I$use$fp
    printfa.o(i.__0vsnprintf) refers to printfa.o(i._printf_core) for _printf_core
    printfa.o(i.__0vsnprintf) refers to printfa.o(i._snputc) for _snputc
    printfa.o(i.__0vsprintf) refers (Special) to iusefp.o(.text) for __I$use$fp
    printfa.o(i.__0vsprintf) refers to printfa.o(i._printf_core) for _printf_core
    printfa.o(i.__0vsprintf) refers to printfa.o(i._sputc) for _sputc
    printfa.o(i._fp_digits) refers (Special) to iusefp.o(.text) for __I$use$fp
    printfa.o(i._fp_digits) refers to dmul.o(.text) for __aeabi_dmul
    printfa.o(i._fp_digits) refers to ddiv.o(.text) for __aeabi_ddiv
    printfa.o(i._fp_digits) refers to cdrcmple.o(.text) for __aeabi_cdrcmple
    printfa.o(i._fp_digits) refers to dadd.o(.text) for __aeabi_dadd
    printfa.o(i._fp_digits) refers to dfixul.o(.text) for __aeabi_d2ulz
    printfa.o(i._fp_digits) refers to uldiv.o(.text) for __aeabi_uldivmod
    printfa.o(i._printf_core) refers (Special) to iusefp.o(.text) for __I$use$fp
    printfa.o(i._printf_core) refers to printfa.o(i._printf_pre_padding) for _printf_pre_padding
    printfa.o(i._printf_core) refers to uldiv.o(.text) for __aeabi_uldivmod
    printfa.o(i._printf_core) refers to printfa.o(i._printf_post_padding) for _printf_post_padding
    printfa.o(i._printf_core) refers to printfa.o(i._fp_digits) for _fp_digits
    printfa.o(i._printf_core) refers to uidiv.o(.text) for __aeabi_uidivmod
    printfa.o(i._printf_post_padding) refers (Special) to iusefp.o(.text) for __I$use$fp
    printfa.o(i._printf_pre_padding) refers (Special) to iusefp.o(.text) for __I$use$fp
    printfa.o(i._snputc) refers (Special) to iusefp.o(.text) for __I$use$fp
    printfa.o(i._sputc) refers (Special) to iusefp.o(.text) for __I$use$fp
    __0scanf.o(.text) refers to scanf_char_file.o(.text) for __vfscanf_char_file
    __0scanf.o(.text) refers to stdin.o(.data) for __stdin
    _scanf_int.o(.text) refers to _chval.o(.text) for _chval
    scanf_fp.o(.text) refers (Special) to iusefp.o(.text) for __I$use$fp
    scanf_fp.o(.text) refers to dfltul.o(.text) for __aeabi_ul2d
    scanf_fp.o(.text) refers to dmul.o(.text) for __aeabi_dmul
    scanf_fp.o(.text) refers to ddiv.o(.text) for __aeabi_ddiv
    scanf_fp.o(.text) refers to scanf_fp.o(i._is_digit) for _is_digit
    scanf_fp.o(.text) refers to d2f.o(.text) for __aeabi_d2f
    entry2.o(.ARM.Collect$$$$00000001) refers to entry2.o(.ARM.Collect$$$$00002712) for __lit__00000000
    entry2.o(.ARM.Collect$$$$00002712) refers to startup_stm32f303x8.o(STACK) for __initial_sp
    entry2.o(__vectab_stack_and_reset_area) refers to startup_stm32f303x8.o(STACK) for __initial_sp
    entry2.o(__vectab_stack_and_reset_area) refers to entry.o(.ARM.Collect$$$$00000000) for __main
    entry5.o(.ARM.Collect$$$$00000004) refers to init.o(.text) for __scatterload
    entry9a.o(.ARM.Collect$$$$0000000B) refers to lto-llvm-2990b1.o(.text.main) for main
    entry9b.o(.ARM.Collect$$$$0000000C) refers to lto-llvm-2990b1.o(.text.main) for main
    uldiv.o(.text) refers to llushr.o(.text) for __aeabi_llsr
    uldiv.o(.text) refers to llshl.o(.text) for __aeabi_llsl
    errno.o(i.__aeabi_errno_addr) refers to errno.o(.data) for .data
    errno.o(i.__read_errno) refers to errno.o(.data) for .data
    errno.o(i.__set_errno) refers to errno.o(.data) for .data
    scanf_char_file.o(.text) refers to scanf_char.o(.text) for __vfscanf_char
    scanf_char_file.o(.text) refers to lto-llvm-2990b1.o(.text.fgetc) for fgetc
    scanf_char_file.o(.text) refers to fgetc_b.o(.text) for __backspace
    dadd.o(.text) refers (Special) to iusefp.o(.text) for __I$use$fp
    dadd.o(.text) refers to llshl.o(.text) for __aeabi_llsl
    dadd.o(.text) refers to llsshr.o(.text) for __aeabi_lasr
    dadd.o(.text) refers to depilogue.o(.text) for _double_epilogue
    dmul.o(.text) refers (Special) to iusefp.o(.text) for __I$use$fp
    dmul.o(.text) refers to depilogue.o(.text) for _double_epilogue
    ddiv.o(.text) refers (Special) to iusefp.o(.text) for __I$use$fp
    ddiv.o(.text) refers to depilogue.o(.text) for _double_round
    dfltul.o(.text) refers (Special) to iusefp.o(.text) for __I$use$fp
    dfltul.o(.text) refers to depilogue.o(.text) for _double_epilogue
    dfixul.o(.text) refers (Special) to iusefp.o(.text) for __I$use$fp
    dfixul.o(.text) refers to llushr.o(.text) for __aeabi_llsr
    dfixul.o(.text) refers to llshl.o(.text) for __aeabi_llsl
    cdrcmple.o(.text) refers (Special) to iusefp.o(.text) for __I$use$fp
    d2f.o(.text) refers (Special) to iusefp.o(.text) for __I$use$fp
    d2f.o(.text) refers to fepilogue.o(.text) for _float_round
    init.o(.text) refers to entry5.o(.ARM.Collect$$$$00000004) for __main_after_scatterload
    fgetc_b.o(.text) refers (Special) to iusesemig.o(.text) for __I$use$semihosting$fgetc
    fgetc_b.o(.text) refers (Special) to semi.o(.text) for __semihosting_library_function
    fgetc_b.o(.text) refers to fgetc_b.o(.data) for .data
    fgetc_b.o(.data) refers (Special) to iusesemig.o(.text) for __I$use$semihosting$fgetc
    fgetc_b.o(.data) refers (Special) to semi.o(.text) for __semihosting_library_function
    scanf_char.o(.text) refers to _scanf.o(.text) for __vfscanf
    scanf_char.o(.text) refers to isspace_c.o(.text) for isspace
    fepilogue.o(.text) refers (Special) to iusefp.o(.text) for __I$use$fp
    depilogue.o(.text) refers (Special) to iusefp.o(.text) for __I$use$fp
    depilogue.o(.text) refers to llshl.o(.text) for __aeabi_llsl
    depilogue.o(.text) refers to llushr.o(.text) for __aeabi_llsr
    isspace_c.o(.text) refers to ctype_c.o(.text) for __ctype_lookup
    _scanf.o(.text) refers (Weak) to scanf_fp.o(.text) for _scanf_real
    _scanf.o(.text) refers (Weak) to _scanf_int.o(.text) for _scanf_int
    ctype_c.o(.text) refers to ctype_c.o(.constdata) for .constdata
    lto-llvm-2990b1.o(.text) refers (Special) to _scanf_int.o(.text) for _scanf_int
    lto-llvm-2990b1.o(.text) refers (Special) to scanf_fp.o(.text) for _scanf_real
    lto-llvm-2990b1.o(.text.getCurrentMicros) refers (Special) to _scanf_int.o(.text) for _scanf_int
    lto-llvm-2990b1.o(.text.getCurrentMicros) refers (Special) to scanf_fp.o(.text) for _scanf_real
    lto-llvm-2990b1.o(.text.getCurrentMicros) refers to lto-llvm-2990b1.o(.bss..L_MergedGlobals.55) for [Anonymous Symbol]
    lto-llvm-2990b1.o(.ARM.exidx.text.getCurrentMicros) refers (Special) to _scanf_int.o(.text) for _scanf_int
    lto-llvm-2990b1.o(.ARM.exidx.text.getCurrentMicros) refers (Special) to scanf_fp.o(.text) for _scanf_real
    lto-llvm-2990b1.o(.ARM.exidx.text.getCurrentMicros) refers to lto-llvm-2990b1.o(.text.getCurrentMicros) for [Anonymous Symbol]
    lto-llvm-2990b1.o(.text.main) refers (Special) to _scanf_int.o(.text) for _scanf_int
    lto-llvm-2990b1.o(.text.main) refers (Special) to scanf_fp.o(.text) for _scanf_real
    lto-llvm-2990b1.o(.text.main) refers to lto-llvm-2990b1.o(.text.HAL_InitTick) for HAL_InitTick
    lto-llvm-2990b1.o(.text.main) refers to lto-llvm-2990b1.o(.text.HAL_RCC_GetSysClockFreq) for HAL_RCC_GetSysClockFreq
    lto-llvm-2990b1.o(.text.main) refers to lto-llvm-2990b1.o(.text.HAL_RCC_GetPCLK1Freq) for HAL_RCC_GetPCLK1Freq
    lto-llvm-2990b1.o(.text.main) refers to lto-llvm-2990b1.o(.text.OUTLINED_FUNCTION_1) for OUTLINED_FUNCTION_1
    lto-llvm-2990b1.o(.text.main) refers to printfa.o(i.__0printf) for __2printf
    lto-llvm-2990b1.o(.text.main) refers to __0scanf.o(.text) for __0scanf
    lto-llvm-2990b1.o(.text.main) refers to lto-llvm-2990b1.o(.text.HAL_Delay) for HAL_Delay
    lto-llvm-2990b1.o(.text.main) refers to lto-llvm-2990b1.o(.text.getCurrentMicros) for getCurrentMicros
    lto-llvm-2990b1.o(.text.main) refers to lto-llvm-2990b1.o(.text.aiRun) for aiRun
    lto-llvm-2990b1.o(.text.main) refers to dfltui.o(.text) for __aeabi_ui2d
    lto-llvm-2990b1.o(.text.main) refers to dadd.o(.text) for __aeabi_dsub
    lto-llvm-2990b1.o(.text.main) refers to ddiv.o(.text) for __aeabi_ddiv
    lto-llvm-2990b1.o(.text.main) refers to lto-llvm-2990b1.o(.text.Error_Handler) for Error_Handler
    lto-llvm-2990b1.o(.text.main) refers to lto-llvm-2990b1.o(.bss..L_MergedGlobals.55) for [Anonymous Symbol]
    lto-llvm-2990b1.o(.text.main) refers to lto-llvm-2990b1.o(.data..L_MergedGlobals) for [Anonymous Symbol]
    lto-llvm-2990b1.o(.text.main) refers to lto-llvm-2990b1.o(.bss.huart2) for [Anonymous Symbol]
    lto-llvm-2990b1.o(.text.main) refers to lto-llvm-2990b1.o(.bss.input) for [Anonymous Symbol]
    lto-llvm-2990b1.o(.ARM.exidx.text.main) refers (Special) to _scanf_int.o(.text) for _scanf_int
    lto-llvm-2990b1.o(.ARM.exidx.text.main) refers (Special) to scanf_fp.o(.text) for _scanf_real
    lto-llvm-2990b1.o(.ARM.exidx.text.main) refers to lto-llvm-2990b1.o(.text.main) for [Anonymous Symbol]
    lto-llvm-2990b1.o(.text.Error_Handler) refers (Special) to _scanf_int.o(.text) for _scanf_int
    lto-llvm-2990b1.o(.text.Error_Handler) refers (Special) to scanf_fp.o(.text) for _scanf_real
    lto-llvm-2990b1.o(.ARM.exidx.text.Error_Handler) refers (Special) to _scanf_int.o(.text) for _scanf_int
    lto-llvm-2990b1.o(.ARM.exidx.text.Error_Handler) refers (Special) to scanf_fp.o(.text) for _scanf_real
    lto-llvm-2990b1.o(.ARM.exidx.text.Error_Handler) refers to lto-llvm-2990b1.o(.text.Error_Handler) for [Anonymous Symbol]
    lto-llvm-2990b1.o(.text.fputc) refers (Special) to _scanf_int.o(.text) for _scanf_int
    lto-llvm-2990b1.o(.text.fputc) refers (Special) to scanf_fp.o(.text) for _scanf_real
    lto-llvm-2990b1.o(.text.fputc) refers to lto-llvm-2990b1.o(.text.OUTLINED_FUNCTION_2) for OUTLINED_FUNCTION_2
    lto-llvm-2990b1.o(.text.fputc) refers to lto-llvm-2990b1.o(.bss.huart2) for [Anonymous Symbol]
    lto-llvm-2990b1.o(.text.fputc) refers to lto-llvm-2990b1.o(.bss..L_MergedGlobals.55) for [Anonymous Symbol]
    lto-llvm-2990b1.o(.ARM.exidx.text.fputc) refers (Special) to _scanf_int.o(.text) for _scanf_int
    lto-llvm-2990b1.o(.ARM.exidx.text.fputc) refers (Special) to scanf_fp.o(.text) for _scanf_real
    lto-llvm-2990b1.o(.ARM.exidx.text.fputc) refers to lto-llvm-2990b1.o(.text.fputc) for [Anonymous Symbol]
    lto-llvm-2990b1.o(.text.fgetc) refers (Special) to _scanf_int.o(.text) for _scanf_int
    lto-llvm-2990b1.o(.text.fgetc) refers (Special) to scanf_fp.o(.text) for _scanf_real
    lto-llvm-2990b1.o(.text.fgetc) refers to lto-llvm-2990b1.o(.text.OUTLINED_FUNCTION_2) for OUTLINED_FUNCTION_2
    lto-llvm-2990b1.o(.text.fgetc) refers to lto-llvm-2990b1.o(.bss.huart2) for [Anonymous Symbol]
    lto-llvm-2990b1.o(.text.fgetc) refers to lto-llvm-2990b1.o(.bss..L_MergedGlobals.55) for [Anonymous Symbol]
    lto-llvm-2990b1.o(.ARM.exidx.text.fgetc) refers (Special) to _scanf_int.o(.text) for _scanf_int
    lto-llvm-2990b1.o(.ARM.exidx.text.fgetc) refers (Special) to scanf_fp.o(.text) for _scanf_real
    lto-llvm-2990b1.o(.ARM.exidx.text.fgetc) refers to lto-llvm-2990b1.o(.text.fgetc) for [Anonymous Symbol]
    lto-llvm-2990b1.o(.text.NMI_Handler) refers (Special) to _scanf_int.o(.text) for _scanf_int
    lto-llvm-2990b1.o(.text.NMI_Handler) refers (Special) to scanf_fp.o(.text) for _scanf_real
    lto-llvm-2990b1.o(.ARM.exidx.text.NMI_Handler) refers (Special) to _scanf_int.o(.text) for _scanf_int
    lto-llvm-2990b1.o(.ARM.exidx.text.NMI_Handler) refers (Special) to scanf_fp.o(.text) for _scanf_real
    lto-llvm-2990b1.o(.ARM.exidx.text.NMI_Handler) refers to lto-llvm-2990b1.o(.text.NMI_Handler) for [Anonymous Symbol]
    lto-llvm-2990b1.o(.text.HardFault_Handler) refers (Special) to _scanf_int.o(.text) for _scanf_int
    lto-llvm-2990b1.o(.text.HardFault_Handler) refers (Special) to scanf_fp.o(.text) for _scanf_real
    lto-llvm-2990b1.o(.ARM.exidx.text.HardFault_Handler) refers (Special) to _scanf_int.o(.text) for _scanf_int
    lto-llvm-2990b1.o(.ARM.exidx.text.HardFault_Handler) refers (Special) to scanf_fp.o(.text) for _scanf_real
    lto-llvm-2990b1.o(.ARM.exidx.text.HardFault_Handler) refers to lto-llvm-2990b1.o(.text.HardFault_Handler) for [Anonymous Symbol]
    lto-llvm-2990b1.o(.text.MemManage_Handler) refers (Special) to _scanf_int.o(.text) for _scanf_int
    lto-llvm-2990b1.o(.text.MemManage_Handler) refers (Special) to scanf_fp.o(.text) for _scanf_real
    lto-llvm-2990b1.o(.ARM.exidx.text.MemManage_Handler) refers (Special) to _scanf_int.o(.text) for _scanf_int
    lto-llvm-2990b1.o(.ARM.exidx.text.MemManage_Handler) refers (Special) to scanf_fp.o(.text) for _scanf_real
    lto-llvm-2990b1.o(.ARM.exidx.text.MemManage_Handler) refers to lto-llvm-2990b1.o(.text.MemManage_Handler) for [Anonymous Symbol]
    lto-llvm-2990b1.o(.text.BusFault_Handler) refers (Special) to _scanf_int.o(.text) for _scanf_int
    lto-llvm-2990b1.o(.text.BusFault_Handler) refers (Special) to scanf_fp.o(.text) for _scanf_real
    lto-llvm-2990b1.o(.ARM.exidx.text.BusFault_Handler) refers (Special) to _scanf_int.o(.text) for _scanf_int
    lto-llvm-2990b1.o(.ARM.exidx.text.BusFault_Handler) refers (Special) to scanf_fp.o(.text) for _scanf_real
    lto-llvm-2990b1.o(.ARM.exidx.text.BusFault_Handler) refers to lto-llvm-2990b1.o(.text.BusFault_Handler) for [Anonymous Symbol]
    lto-llvm-2990b1.o(.text.UsageFault_Handler) refers (Special) to _scanf_int.o(.text) for _scanf_int
    lto-llvm-2990b1.o(.text.UsageFault_Handler) refers (Special) to scanf_fp.o(.text) for _scanf_real
    lto-llvm-2990b1.o(.ARM.exidx.text.UsageFault_Handler) refers (Special) to _scanf_int.o(.text) for _scanf_int
    lto-llvm-2990b1.o(.ARM.exidx.text.UsageFault_Handler) refers (Special) to scanf_fp.o(.text) for _scanf_real
    lto-llvm-2990b1.o(.ARM.exidx.text.UsageFault_Handler) refers to lto-llvm-2990b1.o(.text.UsageFault_Handler) for [Anonymous Symbol]
    lto-llvm-2990b1.o(.text.SVC_Handler) refers (Special) to _scanf_int.o(.text) for _scanf_int
    lto-llvm-2990b1.o(.text.SVC_Handler) refers (Special) to scanf_fp.o(.text) for _scanf_real
    lto-llvm-2990b1.o(.ARM.exidx.text.SVC_Handler) refers (Special) to _scanf_int.o(.text) for _scanf_int
    lto-llvm-2990b1.o(.ARM.exidx.text.SVC_Handler) refers (Special) to scanf_fp.o(.text) for _scanf_real
    lto-llvm-2990b1.o(.ARM.exidx.text.SVC_Handler) refers to lto-llvm-2990b1.o(.text.SVC_Handler) for [Anonymous Symbol]
    lto-llvm-2990b1.o(.text.DebugMon_Handler) refers (Special) to _scanf_int.o(.text) for _scanf_int
    lto-llvm-2990b1.o(.text.DebugMon_Handler) refers (Special) to scanf_fp.o(.text) for _scanf_real
    lto-llvm-2990b1.o(.ARM.exidx.text.DebugMon_Handler) refers (Special) to _scanf_int.o(.text) for _scanf_int
    lto-llvm-2990b1.o(.ARM.exidx.text.DebugMon_Handler) refers (Special) to scanf_fp.o(.text) for _scanf_real
    lto-llvm-2990b1.o(.ARM.exidx.text.DebugMon_Handler) refers to lto-llvm-2990b1.o(.text.DebugMon_Handler) for [Anonymous Symbol]
    lto-llvm-2990b1.o(.text.PendSV_Handler) refers (Special) to _scanf_int.o(.text) for _scanf_int
    lto-llvm-2990b1.o(.text.PendSV_Handler) refers (Special) to scanf_fp.o(.text) for _scanf_real
    lto-llvm-2990b1.o(.ARM.exidx.text.PendSV_Handler) refers (Special) to _scanf_int.o(.text) for _scanf_int
    lto-llvm-2990b1.o(.ARM.exidx.text.PendSV_Handler) refers (Special) to scanf_fp.o(.text) for _scanf_real
    lto-llvm-2990b1.o(.ARM.exidx.text.PendSV_Handler) refers to lto-llvm-2990b1.o(.text.PendSV_Handler) for [Anonymous Symbol]
    lto-llvm-2990b1.o(.text.SysTick_Handler) refers (Special) to _scanf_int.o(.text) for _scanf_int
    lto-llvm-2990b1.o(.text.SysTick_Handler) refers (Special) to scanf_fp.o(.text) for _scanf_real
    lto-llvm-2990b1.o(.text.SysTick_Handler) refers to lto-llvm-2990b1.o(.bss..L_MergedGlobals.55) for [Anonymous Symbol]
    lto-llvm-2990b1.o(.ARM.exidx.text.SysTick_Handler) refers (Special) to _scanf_int.o(.text) for _scanf_int
    lto-llvm-2990b1.o(.ARM.exidx.text.SysTick_Handler) refers (Special) to scanf_fp.o(.text) for _scanf_real
    lto-llvm-2990b1.o(.ARM.exidx.text.SysTick_Handler) refers to lto-llvm-2990b1.o(.text.SysTick_Handler) for [Anonymous Symbol]
    lto-llvm-2990b1.o(.text.TIM2_IRQHandler) refers (Special) to _scanf_int.o(.text) for _scanf_int
    lto-llvm-2990b1.o(.text.TIM2_IRQHandler) refers (Special) to scanf_fp.o(.text) for _scanf_real
    lto-llvm-2990b1.o(.ARM.exidx.text.TIM2_IRQHandler) refers (Special) to _scanf_int.o(.text) for _scanf_int
    lto-llvm-2990b1.o(.ARM.exidx.text.TIM2_IRQHandler) refers (Special) to scanf_fp.o(.text) for _scanf_real
    lto-llvm-2990b1.o(.ARM.exidx.text.TIM2_IRQHandler) refers to lto-llvm-2990b1.o(.text.TIM2_IRQHandler) for [Anonymous Symbol]
    lto-llvm-2990b1.o(.text.compare) refers (Special) to _scanf_int.o(.text) for _scanf_int
    lto-llvm-2990b1.o(.text.compare) refers (Special) to scanf_fp.o(.text) for _scanf_real
    lto-llvm-2990b1.o(.ARM.exidx.text.compare) refers (Special) to _scanf_int.o(.text) for _scanf_int
    lto-llvm-2990b1.o(.ARM.exidx.text.compare) refers (Special) to scanf_fp.o(.text) for _scanf_real
    lto-llvm-2990b1.o(.ARM.exidx.text.compare) refers to lto-llvm-2990b1.o(.text.compare) for [Anonymous Symbol]
    lto-llvm-2990b1.o(.text.aiRun) refers (Special) to _scanf_int.o(.text) for _scanf_int
    lto-llvm-2990b1.o(.text.aiRun) refers (Special) to scanf_fp.o(.text) for _scanf_real
    lto-llvm-2990b1.o(.text.aiRun) refers to memcpya.o(.text) for __aeabi_memcpy4
    lto-llvm-2990b1.o(.text.aiRun) refers to lto-llvm-2990b1.o(.text.OUTLINED_FUNCTION_3) for OUTLINED_FUNCTION_3
    lto-llvm-2990b1.o(.text.aiRun) refers to lto-llvm-2990b1.o(.text.OUTLINED_FUNCTION_0) for OUTLINED_FUNCTION_0
    lto-llvm-2990b1.o(.text.aiRun) refers to sqrtf.o(i.__hardfp_sqrtf) for __hardfp_sqrtf
    lto-llvm-2990b1.o(.text.aiRun) refers to lto-llvm-2990b1.o(.bss.input) for [Anonymous Symbol]
    lto-llvm-2990b1.o(.text.aiRun) refers to lto-llvm-2990b1.o(.text.compare) for compare
    lto-llvm-2990b1.o(.text.aiRun) refers to lto-llvm-2990b1.o(.bss..L_MergedGlobals.55) for [Anonymous Symbol]
    lto-llvm-2990b1.o(.ARM.exidx.text.aiRun) refers (Special) to _scanf_int.o(.text) for _scanf_int
    lto-llvm-2990b1.o(.ARM.exidx.text.aiRun) refers (Special) to scanf_fp.o(.text) for _scanf_real
    lto-llvm-2990b1.o(.ARM.exidx.text.aiRun) refers to lto-llvm-2990b1.o(.text.aiRun) for [Anonymous Symbol]
    lto-llvm-2990b1.o(.text.HAL_InitTick) refers (Special) to _scanf_int.o(.text) for _scanf_int
    lto-llvm-2990b1.o(.text.HAL_InitTick) refers (Special) to scanf_fp.o(.text) for _scanf_real
    lto-llvm-2990b1.o(.text.HAL_InitTick) refers to lto-llvm-2990b1.o(.data..L_MergedGlobals) for [Anonymous Symbol]
    lto-llvm-2990b1.o(.ARM.exidx.text.HAL_InitTick) refers (Special) to _scanf_int.o(.text) for _scanf_int
    lto-llvm-2990b1.o(.ARM.exidx.text.HAL_InitTick) refers (Special) to scanf_fp.o(.text) for _scanf_real
    lto-llvm-2990b1.o(.ARM.exidx.text.HAL_InitTick) refers to lto-llvm-2990b1.o(.text.HAL_InitTick) for [Anonymous Symbol]
    lto-llvm-2990b1.o(.text.HAL_Delay) refers (Special) to _scanf_int.o(.text) for _scanf_int
    lto-llvm-2990b1.o(.text.HAL_Delay) refers (Special) to scanf_fp.o(.text) for _scanf_real
    lto-llvm-2990b1.o(.text.HAL_Delay) refers to lto-llvm-2990b1.o(.bss..L_MergedGlobals.55) for [Anonymous Symbol]
    lto-llvm-2990b1.o(.ARM.exidx.text.HAL_Delay) refers (Special) to _scanf_int.o(.text) for _scanf_int
    lto-llvm-2990b1.o(.ARM.exidx.text.HAL_Delay) refers (Special) to scanf_fp.o(.text) for _scanf_real
    lto-llvm-2990b1.o(.ARM.exidx.text.HAL_Delay) refers to lto-llvm-2990b1.o(.text.HAL_Delay) for [Anonymous Symbol]
    lto-llvm-2990b1.o(.text.HAL_RCC_GetSysClockFreq) refers (Special) to _scanf_int.o(.text) for _scanf_int
    lto-llvm-2990b1.o(.text.HAL_RCC_GetSysClockFreq) refers (Special) to scanf_fp.o(.text) for _scanf_real
    lto-llvm-2990b1.o(.ARM.exidx.text.HAL_RCC_GetSysClockFreq) refers (Special) to _scanf_int.o(.text) for _scanf_int
    lto-llvm-2990b1.o(.ARM.exidx.text.HAL_RCC_GetSysClockFreq) refers (Special) to scanf_fp.o(.text) for _scanf_real
    lto-llvm-2990b1.o(.ARM.exidx.text.HAL_RCC_GetSysClockFreq) refers to lto-llvm-2990b1.o(.text.HAL_RCC_GetSysClockFreq) for [Anonymous Symbol]
    lto-llvm-2990b1.o(.text.HAL_RCC_GetPCLK1Freq) refers (Special) to _scanf_int.o(.text) for _scanf_int
    lto-llvm-2990b1.o(.text.HAL_RCC_GetPCLK1Freq) refers (Special) to scanf_fp.o(.text) for _scanf_real
    lto-llvm-2990b1.o(.text.HAL_RCC_GetPCLK1Freq) refers to lto-llvm-2990b1.o(.data..L_MergedGlobals) for [Anonymous Symbol]
    lto-llvm-2990b1.o(.ARM.exidx.text.HAL_RCC_GetPCLK1Freq) refers (Special) to _scanf_int.o(.text) for _scanf_int
    lto-llvm-2990b1.o(.ARM.exidx.text.HAL_RCC_GetPCLK1Freq) refers (Special) to scanf_fp.o(.text) for _scanf_real
    lto-llvm-2990b1.o(.ARM.exidx.text.HAL_RCC_GetPCLK1Freq) refers to lto-llvm-2990b1.o(.text.HAL_RCC_GetPCLK1Freq) for [Anonymous Symbol]
    lto-llvm-2990b1.o(.text.UART_WaitOnFlagUntilTimeout) refers (Special) to _scanf_int.o(.text) for _scanf_int
    lto-llvm-2990b1.o(.text.UART_WaitOnFlagUntilTimeout) refers (Special) to scanf_fp.o(.text) for _scanf_real
    lto-llvm-2990b1.o(.text.UART_WaitOnFlagUntilTimeout) refers to lto-llvm-2990b1.o(.bss..L_MergedGlobals.55) for [Anonymous Symbol]
    lto-llvm-2990b1.o(.ARM.exidx.text.UART_WaitOnFlagUntilTimeout) refers (Special) to _scanf_int.o(.text) for _scanf_int
    lto-llvm-2990b1.o(.ARM.exidx.text.UART_WaitOnFlagUntilTimeout) refers (Special) to scanf_fp.o(.text) for _scanf_real
    lto-llvm-2990b1.o(.ARM.exidx.text.UART_WaitOnFlagUntilTimeout) refers to lto-llvm-2990b1.o(.text.UART_WaitOnFlagUntilTimeout) for [Anonymous Symbol]
    lto-llvm-2990b1.o(.text.SystemInit) refers (Special) to _scanf_int.o(.text) for _scanf_int
    lto-llvm-2990b1.o(.text.SystemInit) refers (Special) to scanf_fp.o(.text) for _scanf_real
    lto-llvm-2990b1.o(.ARM.exidx.text.SystemInit) refers (Special) to _scanf_int.o(.text) for _scanf_int
    lto-llvm-2990b1.o(.ARM.exidx.text.SystemInit) refers (Special) to scanf_fp.o(.text) for _scanf_real
    lto-llvm-2990b1.o(.ARM.exidx.text.SystemInit) refers to lto-llvm-2990b1.o(.text.SystemInit) for [Anonymous Symbol]
    lto-llvm-2990b1.o(.text.OUTLINED_FUNCTION_0) refers (Special) to _scanf_int.o(.text) for _scanf_int
    lto-llvm-2990b1.o(.text.OUTLINED_FUNCTION_0) refers (Special) to scanf_fp.o(.text) for _scanf_real
    lto-llvm-2990b1.o(.ARM.exidx.text.OUTLINED_FUNCTION_0) refers (Special) to _scanf_int.o(.text) for _scanf_int
    lto-llvm-2990b1.o(.ARM.exidx.text.OUTLINED_FUNCTION_0) refers (Special) to scanf_fp.o(.text) for _scanf_real
    lto-llvm-2990b1.o(.ARM.exidx.text.OUTLINED_FUNCTION_0) refers to lto-llvm-2990b1.o(.text.OUTLINED_FUNCTION_0) for [Anonymous Symbol]
    lto-llvm-2990b1.o(.text.OUTLINED_FUNCTION_1) refers (Special) to _scanf_int.o(.text) for _scanf_int
    lto-llvm-2990b1.o(.text.OUTLINED_FUNCTION_1) refers (Special) to scanf_fp.o(.text) for _scanf_real
    lto-llvm-2990b1.o(.text.OUTLINED_FUNCTION_1) refers to lto-llvm-2990b1.o(.text.UART_WaitOnFlagUntilTimeout) for UART_WaitOnFlagUntilTimeout
    lto-llvm-2990b1.o(.ARM.exidx.text.OUTLINED_FUNCTION_1) refers (Special) to _scanf_int.o(.text) for _scanf_int
    lto-llvm-2990b1.o(.ARM.exidx.text.OUTLINED_FUNCTION_1) refers (Special) to scanf_fp.o(.text) for _scanf_real
    lto-llvm-2990b1.o(.ARM.exidx.text.OUTLINED_FUNCTION_1) refers to lto-llvm-2990b1.o(.text.OUTLINED_FUNCTION_1) for [Anonymous Symbol]
    lto-llvm-2990b1.o(.text.OUTLINED_FUNCTION_2) refers (Special) to _scanf_int.o(.text) for _scanf_int
    lto-llvm-2990b1.o(.text.OUTLINED_FUNCTION_2) refers (Special) to scanf_fp.o(.text) for _scanf_real
    lto-llvm-2990b1.o(.text.OUTLINED_FUNCTION_2) refers to lto-llvm-2990b1.o(.text.UART_WaitOnFlagUntilTimeout) for UART_WaitOnFlagUntilTimeout
    lto-llvm-2990b1.o(.ARM.exidx.text.OUTLINED_FUNCTION_2) refers (Special) to _scanf_int.o(.text) for _scanf_int
    lto-llvm-2990b1.o(.ARM.exidx.text.OUTLINED_FUNCTION_2) refers (Special) to scanf_fp.o(.text) for _scanf_real
    lto-llvm-2990b1.o(.ARM.exidx.text.OUTLINED_FUNCTION_2) refers to lto-llvm-2990b1.o(.text.OUTLINED_FUNCTION_2) for [Anonymous Symbol]
    lto-llvm-2990b1.o(.text.OUTLINED_FUNCTION_3) refers (Special) to _scanf_int.o(.text) for _scanf_int
    lto-llvm-2990b1.o(.text.OUTLINED_FUNCTION_3) refers (Special) to scanf_fp.o(.text) for _scanf_real
    lto-llvm-2990b1.o(.text.OUTLINED_FUNCTION_3) refers to qsort.o(.text) for qsort
    lto-llvm-2990b1.o(.ARM.exidx.text.OUTLINED_FUNCTION_3) refers (Special) to _scanf_int.o(.text) for _scanf_int
    lto-llvm-2990b1.o(.ARM.exidx.text.OUTLINED_FUNCTION_3) refers (Special) to scanf_fp.o(.text) for _scanf_real
    lto-llvm-2990b1.o(.ARM.exidx.text.OUTLINED_FUNCTION_3) refers to lto-llvm-2990b1.o(.text.OUTLINED_FUNCTION_3) for [Anonymous Symbol]
    lto-llvm-2990b1.o(.bss.input) refers (Special) to _scanf_int.o(.text) for _scanf_int
    lto-llvm-2990b1.o(.bss.input) refers (Special) to scanf_fp.o(.text) for _scanf_real
    lto-llvm-2990b1.o(.ARM.use_no_argv) refers (Special) to _scanf_int.o(.text) for _scanf_int
    lto-llvm-2990b1.o(.ARM.use_no_argv) refers (Special) to scanf_fp.o(.text) for _scanf_real
    lto-llvm-2990b1.o(.bss.huart2) refers (Special) to _scanf_int.o(.text) for _scanf_int
    lto-llvm-2990b1.o(.bss.huart2) refers (Special) to scanf_fp.o(.text) for _scanf_real
    lto-llvm-2990b1.o(.data..L_MergedGlobals) refers (Special) to _scanf_int.o(.text) for _scanf_int
    lto-llvm-2990b1.o(.data..L_MergedGlobals) refers (Special) to scanf_fp.o(.text) for _scanf_real
    lto-llvm-2990b1.o(.bss..L_MergedGlobals.55) refers (Special) to _scanf_int.o(.text) for _scanf_int
    lto-llvm-2990b1.o(.bss..L_MergedGlobals.55) refers (Special) to scanf_fp.o(.text) for _scanf_real
    dfltui.o(.text) refers (Special) to iusefp.o(.text) for __I$use$fp
    dfltui.o(.text) refers to depilogue.o(.text) for _double_epilogue
    scanf_fp.o(i._is_digit) refers (Special) to iusefp.o(.text) for __I$use$fp


==============================================================================

Removing Unused input sections from the image.

    Removing startup_stm32f303x8.o(HEAP), (512 bytes).
    Removing lto-llvm-2990b1.o(.text), (0 bytes).
    Removing lto-llvm-2990b1.o(.ARM.exidx.text.getCurrentMicros), (8 bytes).
    Removing lto-llvm-2990b1.o(.ARM.exidx.text.main), (8 bytes).
    Removing lto-llvm-2990b1.o(.ARM.exidx.text.Error_Handler), (8 bytes).
    Removing lto-llvm-2990b1.o(.ARM.exidx.text.fputc), (8 bytes).
    Removing lto-llvm-2990b1.o(.ARM.exidx.text.fgetc), (8 bytes).
    Removing lto-llvm-2990b1.o(.ARM.exidx.text.NMI_Handler), (8 bytes).
    Removing lto-llvm-2990b1.o(.ARM.exidx.text.HardFault_Handler), (8 bytes).
    Removing lto-llvm-2990b1.o(.ARM.exidx.text.MemManage_Handler), (8 bytes).
    Removing lto-llvm-2990b1.o(.ARM.exidx.text.BusFault_Handler), (8 bytes).
    Removing lto-llvm-2990b1.o(.ARM.exidx.text.UsageFault_Handler), (8 bytes).
    Removing lto-llvm-2990b1.o(.ARM.exidx.text.SVC_Handler), (8 bytes).
    Removing lto-llvm-2990b1.o(.ARM.exidx.text.DebugMon_Handler), (8 bytes).
    Removing lto-llvm-2990b1.o(.ARM.exidx.text.PendSV_Handler), (8 bytes).
    Removing lto-llvm-2990b1.o(.ARM.exidx.text.SysTick_Handler), (8 bytes).
    Removing lto-llvm-2990b1.o(.ARM.exidx.text.TIM2_IRQHandler), (8 bytes).
    Removing lto-llvm-2990b1.o(.ARM.exidx.text.compare), (8 bytes).
    Removing lto-llvm-2990b1.o(.ARM.exidx.text.aiRun), (8 bytes).
    Removing lto-llvm-2990b1.o(.ARM.exidx.text.HAL_InitTick), (8 bytes).
    Removing lto-llvm-2990b1.o(.ARM.exidx.text.HAL_Delay), (8 bytes).
    Removing lto-llvm-2990b1.o(.ARM.exidx.text.HAL_RCC_GetSysClockFreq), (8 bytes).
    Removing lto-llvm-2990b1.o(.ARM.exidx.text.HAL_RCC_GetPCLK1Freq), (8 bytes).
    Removing lto-llvm-2990b1.o(.ARM.exidx.text.UART_WaitOnFlagUntilTimeout), (8 bytes).
    Removing lto-llvm-2990b1.o(.ARM.exidx.text.SystemInit), (8 bytes).
    Removing lto-llvm-2990b1.o(.ARM.exidx.text.OUTLINED_FUNCTION_0), (8 bytes).
    Removing lto-llvm-2990b1.o(.ARM.exidx.text.OUTLINED_FUNCTION_1), (8 bytes).
    Removing lto-llvm-2990b1.o(.ARM.exidx.text.OUTLINED_FUNCTION_2), (8 bytes).
    Removing lto-llvm-2990b1.o(.ARM.exidx.text.OUTLINED_FUNCTION_3), (8 bytes).
    Removing lto-llvm-2990b1.o(.ARM.use_no_argv), (4 bytes).

30 unused section(s) (total 732 bytes) removed from the image.

==============================================================================

Image Symbol Table

    Local Symbols

    Symbol Name                              Value     Ov Type        Size  Object(Section)

    ../clib/division.s                       0x00000000   Number         0  aeabi_sdiv.o ABSOLUTE
    ../clib/microlib/ctype/ctype.c           0x00000000   Number         0  isspace_c.o ABSOLUTE
    ../clib/microlib/ctype/ctype.c           0x00000000   Number         0  ctype_c.o ABSOLUTE
    ../clib/microlib/division.c              0x00000000   Number         0  uidiv.o ABSOLUTE
    ../clib/microlib/division.c              0x00000000   Number         0  uldiv.o ABSOLUTE
    ../clib/microlib/errno.c                 0x00000000   Number         0  errno.o ABSOLUTE
    ../clib/microlib/init/entry.s            0x00000000   Number         0  entry.o ABSOLUTE
    ../clib/microlib/init/entry.s            0x00000000   Number         0  entry2.o ABSOLUTE
    ../clib/microlib/init/entry.s            0x00000000   Number         0  entry5.o ABSOLUTE
    ../clib/microlib/init/entry.s            0x00000000   Number         0  entry7a.o ABSOLUTE
    ../clib/microlib/init/entry.s            0x00000000   Number         0  entry7b.o ABSOLUTE
    ../clib/microlib/init/entry.s            0x00000000   Number         0  entry8a.o ABSOLUTE
    ../clib/microlib/init/entry.s            0x00000000   Number         0  entry8b.o ABSOLUTE
    ../clib/microlib/init/entry.s            0x00000000   Number         0  entry9a.o ABSOLUTE
    ../clib/microlib/init/entry.s            0x00000000   Number         0  entry9b.o ABSOLUTE
    ../clib/microlib/init/entry.s            0x00000000   Number         0  entry10a.o ABSOLUTE
    ../clib/microlib/init/entry.s            0x00000000   Number         0  entry10b.o ABSOLUTE
    ../clib/microlib/init/entry.s            0x00000000   Number         0  entry11a.o ABSOLUTE
    ../clib/microlib/init/entry.s            0x00000000   Number         0  entry11b.o ABSOLUTE
    ../clib/microlib/longlong.c              0x00000000   Number         0  llshl.o ABSOLUTE
    ../clib/microlib/longlong.c              0x00000000   Number         0  llushr.o ABSOLUTE
    ../clib/microlib/longlong.c              0x00000000   Number         0  llsshr.o ABSOLUTE
    ../clib/microlib/printf/printf.c         0x00000000   Number         0  printfb.o ABSOLUTE
    ../clib/microlib/printf/printf.c         0x00000000   Number         0  printf0.o ABSOLUTE
    ../clib/microlib/printf/printf.c         0x00000000   Number         0  printf1.o ABSOLUTE
    ../clib/microlib/printf/printf.c         0x00000000   Number         0  printf2.o ABSOLUTE
    ../clib/microlib/printf/printf.c         0x00000000   Number         0  printf3.o ABSOLUTE
    ../clib/microlib/printf/printf.c         0x00000000   Number         0  printf4.o ABSOLUTE
    ../clib/microlib/printf/printf.c         0x00000000   Number         0  printf5.o ABSOLUTE
    ../clib/microlib/printf/printf.c         0x00000000   Number         0  printf6.o ABSOLUTE
    ../clib/microlib/printf/printf.c         0x00000000   Number         0  printf7.o ABSOLUTE
    ../clib/microlib/printf/printf.c         0x00000000   Number         0  printf8.o ABSOLUTE
    ../clib/microlib/printf/printf.c         0x00000000   Number         0  printfa.o ABSOLUTE
    ../clib/microlib/printf/stubs.s          0x00000000   Number         0  printfstubs.o ABSOLUTE
    ../clib/microlib/stdio/fgetc.c           0x00000000   Number         0  fgetc_b.o ABSOLUTE
    ../clib/microlib/stdio/semi.s            0x00000000   Number         0  semi.o ABSOLUTE
    ../clib/microlib/stdio/streams.c         0x00000000   Number         0  stdin.o ABSOLUTE
    ../clib/microlib/stdio/streams.c         0x00000000   Number         0  stdout.o ABSOLUTE
    ../clib/microlib/stdlib/qsort.c          0x00000000   Number         0  qsort.o ABSOLUTE
    ../clib/microlib/string/memcpy.c         0x00000000   Number         0  memcpya.o ABSOLUTE
    ../clib/microlib/string/memcpy.c         0x00000000   Number         0  memcpyb.o ABSOLUTE
    ../clib/microlib/stubs.s                 0x00000000   Number         0  iusefp.o ABSOLUTE
    ../clib/microlib/stubs.s                 0x00000000   Number         0  iusesemig.o ABSOLUTE
    ../clib/scanf.c                          0x00000000   Number         0  __0scanf.o ABSOLUTE
    ../clib/scanf.c                          0x00000000   Number         0  _scanf_int.o ABSOLUTE
    ../clib/scanf.c                          0x00000000   Number         0  scanf_fp.o ABSOLUTE
    ../clib/scanf.c                          0x00000000   Number         0  _chval.o ABSOLUTE
    ../clib/scanf.c                          0x00000000   Number         0  scanf_char_file.o ABSOLUTE
    ../clib/scanf.c                          0x00000000   Number         0  scanf_char.o ABSOLUTE
    ../clib/scanf.c                          0x00000000   Number         0  _scanf.o ABSOLUTE
    ../fplib/microlib/d2f.c                  0x00000000   Number         0  d2f.o ABSOLUTE
    ../fplib/microlib/fpadd.c                0x00000000   Number         0  dadd.o ABSOLUTE
    ../fplib/microlib/fpdiv.c                0x00000000   Number         0  ddiv.o ABSOLUTE
    ../fplib/microlib/fpepilogue.c           0x00000000   Number         0  fepilogue.o ABSOLUTE
    ../fplib/microlib/fpepilogue.c           0x00000000   Number         0  depilogue.o ABSOLUTE
    ../fplib/microlib/fpfix.c                0x00000000   Number         0  dfixul.o ABSOLUTE
    ../fplib/microlib/fpflt.c                0x00000000   Number         0  dfltul.o ABSOLUTE
    ../fplib/microlib/fpflt.c                0x00000000   Number         0  dfltui.o ABSOLUTE
    ../fplib/microlib/fpmul.c                0x00000000   Number         0  dmul.o ABSOLUTE
    ../mathlib/sqrtf.c                       0x00000000   Number         0  sqrtf.o ABSOLUTE
    cdrcmple.s                               0x00000000   Number         0  cdrcmple.o ABSOLUTE
    dc.s                                     0x00000000   Number         0  dc.o ABSOLUTE
    handlers.s                               0x00000000   Number         0  handlers.o ABSOLUTE
    init.s                                   0x00000000   Number         0  init.o ABSOLUTE
    ld-temp.o                                0x00000000   Number         0  lto-llvm-2990b1.o ABSOLUTE
    startup_stm32f303x8.s                    0x00000000   Number         0  startup_stm32f303x8.o ABSOLUTE
    RESET                                    0x08000000   Section      392  startup_stm32f303x8.o(RESET)
    .ARM.Collect$$$$00000000                 0x08000188   Section        0  entry.o(.ARM.Collect$$$$00000000)
    .ARM.Collect$$$$00000001                 0x08000188   Section        4  entry2.o(.ARM.Collect$$$$00000001)
    .ARM.Collect$$$$00000004                 0x0800018c   Section        4  entry5.o(.ARM.Collect$$$$00000004)
    .ARM.Collect$$$$00000008                 0x08000190   Section        0  entry7b.o(.ARM.Collect$$$$00000008)
    .ARM.Collect$$$$0000000A                 0x08000190   Section        0  entry8b.o(.ARM.Collect$$$$0000000A)
    .ARM.Collect$$$$0000000B                 0x08000190   Section        8  entry9a.o(.ARM.Collect$$$$0000000B)
    __lit__00000000                          0x08000198   Data           4  entry2.o(.ARM.Collect$$$$00002712)
    .ARM.Collect$$$$0000000D                 0x08000198   Section        0  entry10a.o(.ARM.Collect$$$$0000000D)
    .ARM.Collect$$$$0000000F                 0x08000198   Section        0  entry11a.o(.ARM.Collect$$$$0000000F)
    .ARM.Collect$$$$00002712                 0x08000198   Section        4  entry2.o(.ARM.Collect$$$$00002712)
    $v0                                      0x0800019c   Number         0  startup_stm32f303x8.o(.text)
    .text                                    0x0800019c   Section       36  startup_stm32f303x8.o(.text)
    .text                                    0x080001c0   Section        0  qsort.o(.text)
    .text                                    0x0800025c   Section        0  __0scanf.o(.text)
    .text                                    0x0800027c   Section        0  _scanf_int.o(.text)
    _fp_value                                0x080003c9   Thumb Code   296  scanf_fp.o(.text)
    .text                                    0x080003c8   Section        0  scanf_fp.o(.text)
    .text                                    0x08000728   Section        0  uidiv.o(.text)
    .text                                    0x08000754   Section        0  uldiv.o(.text)
    .text                                    0x080007b6   Section        0  _chval.o(.text)
    .text                                    0x080007d4   Section        0  scanf_char_file.o(.text)
    .text                                    0x080007e8   Section        0  iusefp.o(.text)
    .text                                    0x080007e8   Section        0  dadd.o(.text)
    .text                                    0x08000936   Section        0  dmul.o(.text)
    .text                                    0x08000a1a   Section        0  ddiv.o(.text)
    .text                                    0x08000af8   Section        0  dfltul.o(.text)
    .text                                    0x08000b10   Section        0  dfixul.o(.text)
    .text                                    0x08000b40   Section       48  cdrcmple.o(.text)
    .text                                    0x08000b70   Section        0  d2f.o(.text)
    .text                                    0x08000ba8   Section       36  init.o(.text)
    .text                                    0x08000bcc   Section        0  fgetc_b.o(.text)
    .text                                    0x08000bf8   Section        0  llshl.o(.text)
    .text                                    0x08000c16   Section        0  llushr.o(.text)
    .text                                    0x08000c36   Section        0  llsshr.o(.text)
    _scanf_char_input                        0x08000c5d   Thumb Code    12  scanf_char.o(.text)
    .text                                    0x08000c5c   Section        0  scanf_char.o(.text)
    .text                                    0x08000c84   Section        0  fepilogue.o(.text)
    .text                                    0x08000cf2   Section        0  depilogue.o(.text)
    .text                                    0x08000dac   Section        0  semi.o(.text)
    .text                                    0x08000dac   Section        0  isspace_c.o(.text)
    .text                                    0x08000db8   Section        0  _scanf.o(.text)
    .text                                    0x080010e4   Section        0  iusesemig.o(.text)
    .text                                    0x080010e4   Section        0  ctype_c.o(.text)
    .text                                    0x0800110c   Section        0  memcpya.o(.text)
    .text                                    0x08001130   Section        0  dfltui.o(.text)
    [Anonymous Symbol]                       0x0800114a   Section        0  lto-llvm-2990b1.o(.text.BusFault_Handler)
    [Anonymous Symbol]                       0x0800114c   Section        0  lto-llvm-2990b1.o(.text.DebugMon_Handler)
    Error_Handler                            0x0800114f   Thumb Code     8  lto-llvm-2990b1.o(.text.Error_Handler)
    [Anonymous Symbol]                       0x0800114e   Section        0  lto-llvm-2990b1.o(.text.Error_Handler)
    HAL_Delay                                0x08001159   Thumb Code    16  lto-llvm-2990b1.o(.text.HAL_Delay)
    [Anonymous Symbol]                       0x08001158   Section        0  lto-llvm-2990b1.o(.text.HAL_Delay)
    HAL_InitTick                             0x08001169   Thumb Code    88  lto-llvm-2990b1.o(.text.HAL_InitTick)
    [Anonymous Symbol]                       0x08001168   Section        0  lto-llvm-2990b1.o(.text.HAL_InitTick)
    __arm_cp.17_1                            0x080011c0   Number         4  lto-llvm-2990b1.o(.text.HAL_InitTick)
    __arm_cp.17_2                            0x080011c4   Number         4  lto-llvm-2990b1.o(.text.HAL_InitTick)
    HAL_RCC_GetPCLK1Freq                     0x080011c9   Thumb Code    20  lto-llvm-2990b1.o(.text.HAL_RCC_GetPCLK1Freq)
    [Anonymous Symbol]                       0x080011c8   Section        0  lto-llvm-2990b1.o(.text.HAL_RCC_GetPCLK1Freq)
    __arm_cp.20_0                            0x080011dc   Number         4  lto-llvm-2990b1.o(.text.HAL_RCC_GetPCLK1Freq)
    __arm_cp.20_1                            0x080011e0   Number         4  lto-llvm-2990b1.o(.text.HAL_RCC_GetPCLK1Freq)
    APBPrescTable                            0x080011e4   Number         0  lto-llvm-2990b1.o(.text.HAL_RCC_GetPCLK1Freq)
    HAL_RCC_GetSysClockFreq                  0x080011ed   Thumb Code    52  lto-llvm-2990b1.o(.text.HAL_RCC_GetSysClockFreq)
    [Anonymous Symbol]                       0x080011ec   Section        0  lto-llvm-2990b1.o(.text.HAL_RCC_GetSysClockFreq)
    __arm_cp.19_0                            0x08001220   Number         4  lto-llvm-2990b1.o(.text.HAL_RCC_GetSysClockFreq)
    __arm_cp.19_1                            0x08001224   Number         4  lto-llvm-2990b1.o(.text.HAL_RCC_GetSysClockFreq)
    aPLLMULFactorTable                       0x08001228   Number         0  lto-llvm-2990b1.o(.text.HAL_RCC_GetSysClockFreq)
    aPredivFactorTable                       0x08001238   Number         0  lto-llvm-2990b1.o(.text.HAL_RCC_GetSysClockFreq)
    __arm_cp.19_4                            0x08001248   Number         4  lto-llvm-2990b1.o(.text.HAL_RCC_GetSysClockFreq)
    [Anonymous Symbol]                       0x0800124c   Section        0  lto-llvm-2990b1.o(.text.HardFault_Handler)
    [Anonymous Symbol]                       0x0800124e   Section        0  lto-llvm-2990b1.o(.text.MemManage_Handler)
    [Anonymous Symbol]                       0x08001250   Section        0  lto-llvm-2990b1.o(.text.NMI_Handler)
    OUTLINED_FUNCTION_0                      0x08001253   Thumb Code    18  lto-llvm-2990b1.o(.text.OUTLINED_FUNCTION_0)
    [Anonymous Symbol]                       0x08001252   Section        0  lto-llvm-2990b1.o(.text.OUTLINED_FUNCTION_0)
    OUTLINED_FUNCTION_1                      0x08001265   Thumb Code    12  lto-llvm-2990b1.o(.text.OUTLINED_FUNCTION_1)
    [Anonymous Symbol]                       0x08001264   Section        0  lto-llvm-2990b1.o(.text.OUTLINED_FUNCTION_1)
    OUTLINED_FUNCTION_2                      0x08001271   Thumb Code     8  lto-llvm-2990b1.o(.text.OUTLINED_FUNCTION_2)
    [Anonymous Symbol]                       0x08001270   Section        0  lto-llvm-2990b1.o(.text.OUTLINED_FUNCTION_2)
    OUTLINED_FUNCTION_3                      0x08001279   Thumb Code    10  lto-llvm-2990b1.o(.text.OUTLINED_FUNCTION_3)
    [Anonymous Symbol]                       0x08001278   Section        0  lto-llvm-2990b1.o(.text.OUTLINED_FUNCTION_3)
    [Anonymous Symbol]                       0x08001282   Section        0  lto-llvm-2990b1.o(.text.PendSV_Handler)
    [Anonymous Symbol]                       0x08001284   Section        0  lto-llvm-2990b1.o(.text.SVC_Handler)
    [Anonymous Symbol]                       0x08001288   Section        0  lto-llvm-2990b1.o(.text.SysTick_Handler)
    [Anonymous Symbol]                       0x08001294   Section        0  lto-llvm-2990b1.o(.text.SystemInit)
    __arm_cp.22_0                            0x080012a0   Number         4  lto-llvm-2990b1.o(.text.SystemInit)
    [Anonymous Symbol]                       0x080012a4   Section        0  lto-llvm-2990b1.o(.text.TIM2_IRQHandler)
    UART_WaitOnFlagUntilTimeout              0x080012a9   Thumb Code   156  lto-llvm-2990b1.o(.text.UART_WaitOnFlagUntilTimeout)
    [Anonymous Symbol]                       0x080012a8   Section        0  lto-llvm-2990b1.o(.text.UART_WaitOnFlagUntilTimeout)
    __arm_cp.21_0                            0x08001344   Number         4  lto-llvm-2990b1.o(.text.UART_WaitOnFlagUntilTimeout)
    [Anonymous Symbol]                       0x08001348   Section        0  lto-llvm-2990b1.o(.text.UsageFault_Handler)
    aiRun                                    0x0800134d   Thumb Code   560  lto-llvm-2990b1.o(.text.aiRun)
    [Anonymous Symbol]                       0x0800134c   Section        0  lto-llvm-2990b1.o(.text.aiRun)
    __arm_cp.16_0                            0x0800157c   Number         4  lto-llvm-2990b1.o(.text.aiRun)
    __arm_cp.16_3                            0x08001588   Number         4  lto-llvm-2990b1.o(.text.aiRun)
    compare                                  0x08001595   Thumb Code    22  lto-llvm-2990b1.o(.text.compare)
    [Anonymous Symbol]                       0x08001594   Section        0  lto-llvm-2990b1.o(.text.compare)
    [Anonymous Symbol]                       0x080015ac   Section        0  lto-llvm-2990b1.o(.text.fgetc)
    __arm_cp.4_1                             0x08001668   Number         4  lto-llvm-2990b1.o(.text.fgetc)
    [Anonymous Symbol]                       0x0800166c   Section        0  lto-llvm-2990b1.o(.text.fputc)
    __arm_cp.3_0                             0x080016ec   Number         4  lto-llvm-2990b1.o(.text.fputc)
    getCurrentMicros                         0x080016f1   Thumb Code    52  lto-llvm-2990b1.o(.text.getCurrentMicros)
    [Anonymous Symbol]                       0x080016f0   Section        0  lto-llvm-2990b1.o(.text.getCurrentMicros)
    __arm_cp.0_0                             0x08001724   Number         4  lto-llvm-2990b1.o(.text.getCurrentMicros)
    __arm_cp.0_1                             0x08001728   Number         4  lto-llvm-2990b1.o(.text.getCurrentMicros)
    [Anonymous Symbol]                       0x08001730   Section        0  lto-llvm-2990b1.o(.text.main)
    __arm_cp.1_26                            0x08001acc   Number         4  lto-llvm-2990b1.o(.text.main)
    __arm_cp.1_28                            0x08001ad4   Number         4  lto-llvm-2990b1.o(.text.main)
    __arm_cp.1_29                            0x08001ad8   Number         4  lto-llvm-2990b1.o(.text.main)
    __arm_cp.1_30                            0x08001adc   Number         4  lto-llvm-2990b1.o(.text.main)
    __arm_cp.1_31                            0x08001ae0   Number         4  lto-llvm-2990b1.o(.text.main)
    __arm_cp.1_33                            0x08001ae8   Number         4  lto-llvm-2990b1.o(.text.main)
    __arm_cp.1_34                            0x08001aec   Number         4  lto-llvm-2990b1.o(.text.main)
    __arm_cp.1_35                            0x08001af0   Number         4  lto-llvm-2990b1.o(.text.main)
    __arm_cp.1_1                             0x08001de8   Number         4  lto-llvm-2990b1.o(.text.main)
    __arm_cp.1_5                             0x08001dec   Number         4  lto-llvm-2990b1.o(.text.main)
    AHBPrescTable                            0x08001df0   Number         0  lto-llvm-2990b1.o(.text.main)
    __arm_cp.1_7                             0x08001e00   Number         4  lto-llvm-2990b1.o(.text.main)
    __arm_cp.1_10                            0x08001e04   Number         4  lto-llvm-2990b1.o(.text.main)
    __arm_cp.1_11                            0x08001e08   Number         4  lto-llvm-2990b1.o(.text.main)
    __arm_cp.1_14                            0x08001e0c   Number         4  lto-llvm-2990b1.o(.text.main)
    __arm_cp.1_15                            0x08001e10   Number         4  lto-llvm-2990b1.o(.text.main)
    __arm_cp.1_16                            0x08001e14   Number         4  lto-llvm-2990b1.o(.text.main)
    __arm_cp.1_17                            0x08001e18   Number         4  lto-llvm-2990b1.o(.text.main)
    __arm_cp.1_19                            0x08001e24   Number         4  lto-llvm-2990b1.o(.text.main)
    i.__0printf                              0x08001e44   Section        0  printfa.o(i.__0printf)
    i.__hardfp_sqrtf                         0x08001e64   Section        0  sqrtf.o(i.__hardfp_sqrtf)
    i.__scatterload_copy                     0x08001e9e   Section       14  handlers.o(i.__scatterload_copy)
    i.__scatterload_null                     0x08001eac   Section        2  handlers.o(i.__scatterload_null)
    i.__scatterload_zeroinit                 0x08001eae   Section       14  handlers.o(i.__scatterload_zeroinit)
    i.__set_errno                            0x08001ebc   Section        0  errno.o(i.__set_errno)
    _fp_digits                               0x08001ec9   Thumb Code   366  printfa.o(i._fp_digits)
    i._fp_digits                             0x08001ec8   Section        0  printfa.o(i._fp_digits)
    i._is_digit                              0x0800204c   Section        0  scanf_fp.o(i._is_digit)
    _printf_core                             0x0800205d   Thumb Code  1744  printfa.o(i._printf_core)
    i._printf_core                           0x0800205c   Section        0  printfa.o(i._printf_core)
    _printf_post_padding                     0x08002739   Thumb Code    36  printfa.o(i._printf_post_padding)
    i._printf_post_padding                   0x08002738   Section        0  printfa.o(i._printf_post_padding)
    _printf_pre_padding                      0x0800275d   Thumb Code    46  printfa.o(i._printf_pre_padding)
    i._printf_pre_padding                    0x0800275c   Section        0  printfa.o(i._printf_pre_padding)
    .constdata                               0x0800278a   Section       64  ctype_c.o(.constdata)
    .data                                    0x20000000   Section        4  stdin.o(.data)
    .data                                    0x20000004   Section        4  stdout.o(.data)
    _errno                                   0x20000008   Data           4  errno.o(.data)
    .data                                    0x20000008   Section        4  errno.o(.data)
    ungetc_sp                                0x2000000c   Data           1  fgetc_b.o(.data)
    .data                                    0x2000000c   Section        3  fgetc_b.o(.data)
    ungetc_stack                             0x2000000d   Data           2  fgetc_b.o(.data)
    uwTickPrio                               0x20000010   Data           4  lto-llvm-2990b1.o(.data..L_MergedGlobals)
    [Anonymous Symbol]                       0x20000010   Section        0  lto-llvm-2990b1.o(.data..L_MergedGlobals)
    SystemCoreClock                          0x20000014   Data           4  lto-llvm-2990b1.o(.data..L_MergedGlobals)
    result.0                                 0x20000018   Data           4  lto-llvm-2990b1.o(.bss..L_MergedGlobals.55)
    [Anonymous Symbol]                       0x20000018   Section        0  lto-llvm-2990b1.o(.bss..L_MergedGlobals.55)
    result.1                                 0x2000001c   Data           4  lto-llvm-2990b1.o(.bss..L_MergedGlobals.55)
    uwTick                                   0x20000020   Data           4  lto-llvm-2990b1.o(.bss..L_MergedGlobals.55)
    hcrc                                     0x20000024   Data          36  lto-llvm-2990b1.o(.bss..L_MergedGlobals.55)
    huart2                                   0x20000048   Data         136  lto-llvm-2990b1.o(.bss.huart2)
    [Anonymous Symbol]                       0x20000048   Section        0  lto-llvm-2990b1.o(.bss.huart2)
    input                                    0x200000d0   Data        5000  lto-llvm-2990b1.o(.bss.input)
    [Anonymous Symbol]                       0x200000d0   Section        0  lto-llvm-2990b1.o(.bss.input)
    STACK                                    0x20001458   Section     2048  startup_stm32f303x8.o(STACK)

    Global Symbols

    Symbol Name                              Value     Ov Type        Size  Object(Section)

    BuildAttributes$$THM_ISAv4$E$P$D$K$B$S$7EM$VFPi3$EXTD16$VFPS$VFMA$PE$A:L22UL41UL21$X:L11$S22US41US21$IEEE1$IW$~IW$USESV6$~STKCKD$USESV7$~SHL$OTIME$ROPI$IEEEF$EBA8$MICROLIB$REQ8$PRES8$EABIv2 0x00000000   Number         0  anon$$obj.o ABSOLUTE
    _printf_a                                0x00000000   Number         0  printfstubs.o ABSOLUTE
    _printf_c                                0x00000000   Number         0  printfstubs.o ABSOLUTE
    _printf_charcount                        0x00000000   Number         0  printfstubs.o ABSOLUTE
    _printf_d                                0x00000000   Number         0  printfstubs.o ABSOLUTE
    _printf_e                                0x00000000   Number         0  printfstubs.o ABSOLUTE
    _printf_f                                0x00000000   Number         0  printfstubs.o ABSOLUTE
    _printf_flags                            0x00000000   Number         0  printfstubs.o ABSOLUTE
    _printf_fp_dec                           0x00000000   Number         0  printfstubs.o ABSOLUTE
    _printf_fp_hex                           0x00000000   Number         0  printfstubs.o ABSOLUTE
    _printf_g                                0x00000000   Number         0  printfstubs.o ABSOLUTE
    _printf_i                                0x00000000   Number         0  printfstubs.o ABSOLUTE
    _printf_int_dec                          0x00000000   Number         0  printfstubs.o ABSOLUTE
    _printf_l                                0x00000000   Number         0  printfstubs.o ABSOLUTE
    _printf_lc                               0x00000000   Number         0  printfstubs.o ABSOLUTE
    _printf_ll                               0x00000000   Number         0  printfstubs.o ABSOLUTE
    _printf_lld                              0x00000000   Number         0  printfstubs.o ABSOLUTE
    _printf_lli                              0x00000000   Number         0  printfstubs.o ABSOLUTE
    _printf_llo                              0x00000000   Number         0  printfstubs.o ABSOLUTE
    _printf_llu                              0x00000000   Number         0  printfstubs.o ABSOLUTE
    _printf_llx                              0x00000000   Number         0  printfstubs.o ABSOLUTE
    _printf_longlong_dec                     0x00000000   Number         0  printfstubs.o ABSOLUTE
    _printf_longlong_hex                     0x00000000   Number         0  printfstubs.o ABSOLUTE
    _printf_longlong_oct                     0x00000000   Number         0  printfstubs.o ABSOLUTE
    _printf_ls                               0x00000000   Number         0  printfstubs.o ABSOLUTE
    _printf_mbtowc                           0x00000000   Number         0  printfstubs.o ABSOLUTE
    _printf_n                                0x00000000   Number         0  printfstubs.o ABSOLUTE
    _printf_o                                0x00000000   Number         0  printfstubs.o ABSOLUTE
    _printf_p                                0x00000000   Number         0  printfstubs.o ABSOLUTE
    _printf_percent                          0x00000000   Number         0  printfstubs.o ABSOLUTE
    _printf_pre_padding                      0x00000000   Number         0  printfstubs.o ABSOLUTE
    _printf_return_value                     0x00000000   Number         0  printfstubs.o ABSOLUTE
    _printf_s                                0x00000000   Number         0  printfstubs.o ABSOLUTE
    _printf_sizespec                         0x00000000   Number         0  printfstubs.o ABSOLUTE
    _printf_str                              0x00000000   Number         0  printfstubs.o ABSOLUTE
    _printf_truncate_signed                  0x00000000   Number         0  printfstubs.o ABSOLUTE
    _printf_truncate_unsigned                0x00000000   Number         0  printfstubs.o ABSOLUTE
    _printf_u                                0x00000000   Number         0  printfstubs.o ABSOLUTE
    _printf_wc                               0x00000000   Number         0  printfstubs.o ABSOLUTE
    _printf_wctomb                           0x00000000   Number         0  printfstubs.o ABSOLUTE
    _printf_widthprec                        0x00000000   Number         0  printfstubs.o ABSOLUTE
    _printf_x                                0x00000000   Number         0  printfstubs.o ABSOLUTE
    __cpp_initialize__aeabi_                  - Undefined Weak Reference
    __cxa_finalize                            - Undefined Weak Reference
    __decompress                              - Undefined Weak Reference
    _clock_init                               - Undefined Weak Reference
    _microlib_exit                            - Undefined Weak Reference
    _scanf_longlong                           - Undefined Weak Reference
    _scanf_string                             - Undefined Weak Reference
    __Vectors_Size                           0x00000188   Number         0  startup_stm32f303x8.o ABSOLUTE
    __Vectors                                0x08000000   Data           4  startup_stm32f303x8.o(RESET)
    __Vectors_End                            0x08000188   Data           0  startup_stm32f303x8.o(RESET)
    __main                                   0x08000189   Thumb Code     0  entry.o(.ARM.Collect$$$$00000000)
    _main_stk                                0x08000189   Thumb Code     0  entry2.o(.ARM.Collect$$$$00000001)
    _main_scatterload                        0x0800018d   Thumb Code     0  entry5.o(.ARM.Collect$$$$00000004)
    __main_after_scatterload                 0x08000191   Thumb Code     0  entry5.o(.ARM.Collect$$$$00000004)
    _main_clock                              0x08000191   Thumb Code     0  entry7b.o(.ARM.Collect$$$$00000008)
    _main_cpp_init                           0x08000191   Thumb Code     0  entry8b.o(.ARM.Collect$$$$0000000A)
    _main_init                               0x08000191   Thumb Code     0  entry9a.o(.ARM.Collect$$$$0000000B)
    __rt_final_cpp                           0x08000199   Thumb Code     0  entry10a.o(.ARM.Collect$$$$0000000D)
    __rt_final_exit                          0x08000199   Thumb Code     0  entry11a.o(.ARM.Collect$$$$0000000F)
    Reset_Handler                            0x0800019d   Thumb Code     8  startup_stm32f303x8.o(.text)
    ADC1_2_IRQHandler                        0x080001b7   Thumb Code     0  startup_stm32f303x8.o(.text)
    CAN_RX0_IRQHandler                       0x080001b7   Thumb Code     0  startup_stm32f303x8.o(.text)
    CAN_RX1_IRQHandler                       0x080001b7   Thumb Code     0  startup_stm32f303x8.o(.text)
    CAN_SCE_IRQHandler                       0x080001b7   Thumb Code     0  startup_stm32f303x8.o(.text)
    CAN_TX_IRQHandler                        0x080001b7   Thumb Code     0  startup_stm32f303x8.o(.text)
    COMP2_IRQHandler                         0x080001b7   Thumb Code     0  startup_stm32f303x8.o(.text)
    COMP4_6_IRQHandler                       0x080001b7   Thumb Code     0  startup_stm32f303x8.o(.text)
    DMA1_Channel1_IRQHandler                 0x080001b7   Thumb Code     0  startup_stm32f303x8.o(.text)
    DMA1_Channel2_IRQHandler                 0x080001b7   Thumb Code     0  startup_stm32f303x8.o(.text)
    DMA1_Channel3_IRQHandler                 0x080001b7   Thumb Code     0  startup_stm32f303x8.o(.text)
    DMA1_Channel4_IRQHandler                 0x080001b7   Thumb Code     0  startup_stm32f303x8.o(.text)
    DMA1_Channel5_IRQHandler                 0x080001b7   Thumb Code     0  startup_stm32f303x8.o(.text)
    DMA1_Channel6_IRQHandler                 0x080001b7   Thumb Code     0  startup_stm32f303x8.o(.text)
    DMA1_Channel7_IRQHandler                 0x080001b7   Thumb Code     0  startup_stm32f303x8.o(.text)
    EXTI0_IRQHandler                         0x080001b7   Thumb Code     0  startup_stm32f303x8.o(.text)
    EXTI15_10_IRQHandler                     0x080001b7   Thumb Code     0  startup_stm32f303x8.o(.text)
    EXTI1_IRQHandler                         0x080001b7   Thumb Code     0  startup_stm32f303x8.o(.text)
    EXTI2_TSC_IRQHandler                     0x080001b7   Thumb Code     0  startup_stm32f303x8.o(.text)
    EXTI3_IRQHandler                         0x080001b7   Thumb Code     0  startup_stm32f303x8.o(.text)
    EXTI4_IRQHandler                         0x080001b7   Thumb Code     0  startup_stm32f303x8.o(.text)
    EXTI9_5_IRQHandler                       0x080001b7   Thumb Code     0  startup_stm32f303x8.o(.text)
    FLASH_IRQHandler                         0x080001b7   Thumb Code     0  startup_stm32f303x8.o(.text)
    FPU_IRQHandler                           0x080001b7   Thumb Code     0  startup_stm32f303x8.o(.text)
    I2C1_ER_IRQHandler                       0x080001b7   Thumb Code     0  startup_stm32f303x8.o(.text)
    I2C1_EV_IRQHandler                       0x080001b7   Thumb Code     0  startup_stm32f303x8.o(.text)
    PVD_IRQHandler                           0x080001b7   Thumb Code     0  startup_stm32f303x8.o(.text)
    RCC_IRQHandler                           0x080001b7   Thumb Code     0  startup_stm32f303x8.o(.text)
    RTC_Alarm_IRQHandler                     0x080001b7   Thumb Code     0  startup_stm32f303x8.o(.text)
    RTC_WKUP_IRQHandler                      0x080001b7   Thumb Code     0  startup_stm32f303x8.o(.text)
    SPI1_IRQHandler                          0x080001b7   Thumb Code     0  startup_stm32f303x8.o(.text)
    TAMP_STAMP_IRQHandler                    0x080001b7   Thumb Code     0  startup_stm32f303x8.o(.text)
    TIM1_BRK_TIM15_IRQHandler                0x080001b7   Thumb Code     0  startup_stm32f303x8.o(.text)
    TIM1_CC_IRQHandler                       0x080001b7   Thumb Code     0  startup_stm32f303x8.o(.text)
    TIM1_TRG_COM_TIM17_IRQHandler            0x080001b7   Thumb Code     0  startup_stm32f303x8.o(.text)
    TIM1_UP_TIM16_IRQHandler                 0x080001b7   Thumb Code     0  startup_stm32f303x8.o(.text)
    TIM3_IRQHandler                          0x080001b7   Thumb Code     0  startup_stm32f303x8.o(.text)
    TIM6_DAC1_IRQHandler                     0x080001b7   Thumb Code     0  startup_stm32f303x8.o(.text)
    TIM7_DAC2_IRQHandler                     0x080001b7   Thumb Code     0  startup_stm32f303x8.o(.text)
    USART1_IRQHandler                        0x080001b7   Thumb Code     0  startup_stm32f303x8.o(.text)
    USART2_IRQHandler                        0x080001b7   Thumb Code     0  startup_stm32f303x8.o(.text)
    USART3_IRQHandler                        0x080001b7   Thumb Code     0  startup_stm32f303x8.o(.text)
    WWDG_IRQHandler                          0x080001b7   Thumb Code     0  startup_stm32f303x8.o(.text)
    qsort                                    0x080001c1   Thumb Code   156  qsort.o(.text)
    __0scanf                                 0x0800025d   Thumb Code    26  __0scanf.o(.text)
    _scanf_int                               0x0800027d   Thumb Code   332  _scanf_int.o(.text)
    _scanf_real                              0x080004f1   Thumb Code     0  scanf_fp.o(.text)
    _scanf_really_real                       0x080004f1   Thumb Code   556  scanf_fp.o(.text)
    __aeabi_uidiv                            0x08000729   Thumb Code     0  uidiv.o(.text)
    __aeabi_uidivmod                         0x08000729   Thumb Code    44  uidiv.o(.text)
    __aeabi_uldivmod                         0x08000755   Thumb Code    98  uldiv.o(.text)
    _chval                                   0x080007b7   Thumb Code    28  _chval.o(.text)
    __vfscanf_char_file                      0x080007d5   Thumb Code    12  scanf_char_file.o(.text)
    __I$use$fp                               0x080007e9   Thumb Code     0  iusefp.o(.text)
    __aeabi_dadd                             0x080007e9   Thumb Code   322  dadd.o(.text)
    __aeabi_dsub                             0x0800092b   Thumb Code     6  dadd.o(.text)
    __aeabi_drsub                            0x08000931   Thumb Code     6  dadd.o(.text)
    __aeabi_dmul                             0x08000937   Thumb Code   228  dmul.o(.text)
    __aeabi_ddiv                             0x08000a1b   Thumb Code   222  ddiv.o(.text)
    __aeabi_ul2d                             0x08000af9   Thumb Code    24  dfltul.o(.text)
    __aeabi_d2ulz                            0x08000b11   Thumb Code    48  dfixul.o(.text)
    __aeabi_cdrcmple                         0x08000b41   Thumb Code    48  cdrcmple.o(.text)
    __aeabi_d2f                              0x08000b71   Thumb Code    56  d2f.o(.text)
    __scatterload                            0x08000ba9   Thumb Code    28  init.o(.text)
    __scatterload_rt2                        0x08000ba9   Thumb Code     0  init.o(.text)
    _fgetc$bs                                0x08000bcd   Thumb Code    28  fgetc_b.o(.text)
    __backspace                              0x08000be9   Thumb Code    10  fgetc_b.o(.text)
    __aeabi_llsl                             0x08000bf9   Thumb Code    30  llshl.o(.text)
    _ll_shift_l                              0x08000bf9   Thumb Code     0  llshl.o(.text)
    __aeabi_llsr                             0x08000c17   Thumb Code    32  llushr.o(.text)
    _ll_ushift_r                             0x08000c17   Thumb Code     0  llushr.o(.text)
    __aeabi_lasr                             0x08000c37   Thumb Code    36  llsshr.o(.text)
    _ll_sshift_r                             0x08000c37   Thumb Code     0  llsshr.o(.text)
    __vfscanf_char                           0x08000c69   Thumb Code    20  scanf_char.o(.text)
    _float_round                             0x08000c85   Thumb Code    18  fepilogue.o(.text)
    _float_epilogue                          0x08000c97   Thumb Code    92  fepilogue.o(.text)
    _double_round                            0x08000cf3   Thumb Code    30  depilogue.o(.text)
    _double_epilogue                         0x08000d11   Thumb Code   156  depilogue.o(.text)
    __semihosting_library_function           0x08000dad   Thumb Code     0  semi.o(.text)
    isspace                                  0x08000dad   Thumb Code    10  isspace_c.o(.text)
    __vfscanf                                0x08000db9   Thumb Code   808  _scanf.o(.text)
    __I$use$semihosting$fgetc                0x080010e5   Thumb Code     0  iusesemig.o(.text)
    __ctype_lookup                           0x080010e5   Thumb Code    34  ctype_c.o(.text)
    __aeabi_memcpy                           0x0800110d   Thumb Code    36  memcpya.o(.text)
    __aeabi_memcpy4                          0x0800110d   Thumb Code     0  memcpya.o(.text)
    __aeabi_memcpy8                          0x0800110d   Thumb Code     0  memcpya.o(.text)
    __aeabi_ui2d                             0x08001131   Thumb Code    26  dfltui.o(.text)
    BusFault_Handler                         0x0800114b   Thumb Code     2  lto-llvm-2990b1.o(.text.BusFault_Handler)
    DebugMon_Handler                         0x0800114d   Thumb Code     2  lto-llvm-2990b1.o(.text.DebugMon_Handler)
    HardFault_Handler                        0x0800124d   Thumb Code     2  lto-llvm-2990b1.o(.text.HardFault_Handler)
    MemManage_Handler                        0x0800124f   Thumb Code     2  lto-llvm-2990b1.o(.text.MemManage_Handler)
    NMI_Handler                              0x08001251   Thumb Code     2  lto-llvm-2990b1.o(.text.NMI_Handler)
    PendSV_Handler                           0x08001283   Thumb Code     2  lto-llvm-2990b1.o(.text.PendSV_Handler)
    SVC_Handler                              0x08001285   Thumb Code     2  lto-llvm-2990b1.o(.text.SVC_Handler)
    SysTick_Handler                          0x08001289   Thumb Code    12  lto-llvm-2990b1.o(.text.SysTick_Handler)
    SystemInit                               0x08001295   Thumb Code    12  lto-llvm-2990b1.o(.text.SystemInit)
    TIM2_IRQHandler                          0x080012a5   Thumb Code     2  lto-llvm-2990b1.o(.text.TIM2_IRQHandler)
    UsageFault_Handler                       0x08001349   Thumb Code     2  lto-llvm-2990b1.o(.text.UsageFault_Handler)
    fgetc                                    0x080015ad   Thumb Code   188  lto-llvm-2990b1.o(.text.fgetc)
    fputc                                    0x0800166d   Thumb Code   128  lto-llvm-2990b1.o(.text.fputc)
    main                                     0x08001731   Thumb Code  1712  lto-llvm-2990b1.o(.text.main)
    __0printf                                0x08001e45   Thumb Code    22  printfa.o(i.__0printf)
    __1printf                                0x08001e45   Thumb Code     0  printfa.o(i.__0printf)
    __2printf                                0x08001e45   Thumb Code     0  printfa.o(i.__0printf)
    __c89printf                              0x08001e45   Thumb Code     0  printfa.o(i.__0printf)
    printf                                   0x08001e45   Thumb Code     0  printfa.o(i.__0printf)
    __hardfp_sqrtf                           0x08001e65   Thumb Code    58  sqrtf.o(i.__hardfp_sqrtf)
    __scatterload_copy                       0x08001e9f   Thumb Code    14  handlers.o(i.__scatterload_copy)
    __scatterload_null                       0x08001ead   Thumb Code     2  handlers.o(i.__scatterload_null)
    __scatterload_zeroinit                   0x08001eaf   Thumb Code    14  handlers.o(i.__scatterload_zeroinit)
    __set_errno                              0x08001ebd   Thumb Code     6  errno.o(i.__set_errno)
    _is_digit                                0x0800204d   Thumb Code    14  scanf_fp.o(i._is_digit)
    __ctype_categories                       0x0800278a   Data          64  ctype_c.o(.constdata)
    Region$$Table$$Base                      0x080027cc   Number         0  anon$$obj.o(Region$$Table)
    Region$$Table$$Limit                     0x080027ec   Number         0  anon$$obj.o(Region$$Table)
    __stdin                                  0x20000000   Data           4  stdin.o(.data)
    __stdout                                 0x20000004   Data           4  stdout.o(.data)
    __initial_sp                             0x20001c58   Data           0  startup_stm32f303x8.o(STACK)



==============================================================================

Memory Map of the image

  Image Entry point : 0x08000189

  Load Region LR_IROM1 (Base: 0x08000000, Size: 0x00002808, Max: 0x00010000, ABSOLUTE)

    Execution Region ER_IROM1 (Exec base: 0x08000000, Load base: 0x08000000, Size: 0x000027ec, Max: 0x00010000, ABSOLUTE)

    Exec Addr    Load Addr    Size         Type   Attr      Idx    E Section Name        Object

    0x08000000   0x08000000   0x00000188   Data   RO            3    RESET               startup_stm32f303x8.o
    0x08000188   0x08000188   0x00000000   Code   RO           50  * .ARM.Collect$$$$00000000  mc_w.l(entry.o)
    0x08000188   0x08000188   0x00000004   Code   RO          324    .ARM.Collect$$$$00000001  mc_w.l(entry2.o)
    0x0800018c   0x0800018c   0x00000004   Code   RO          327    .ARM.Collect$$$$00000004  mc_w.l(entry5.o)
    0x08000190   0x08000190   0x00000000   Code   RO          329    .ARM.Collect$$$$00000008  mc_w.l(entry7b.o)
    0x08000190   0x08000190   0x00000000   Code   RO          331    .ARM.Collect$$$$0000000A  mc_w.l(entry8b.o)
    0x08000190   0x08000190   0x00000008   Code   RO          332    .ARM.Collect$$$$0000000B  mc_w.l(entry9a.o)
    0x08000198   0x08000198   0x00000000   Code   RO          334    .ARM.Collect$$$$0000000D  mc_w.l(entry10a.o)
    0x08000198   0x08000198   0x00000000   Code   RO          336    .ARM.Collect$$$$0000000F  mc_w.l(entry11a.o)
    0x08000198   0x08000198   0x00000004   Code   RO          325    .ARM.Collect$$$$00002712  mc_w.l(entry2.o)
    0x0800019c   0x0800019c   0x00000024   Code   RO            4    .text               startup_stm32f303x8.o
    0x080001c0   0x080001c0   0x0000009c   Code   RO           53    .text               mc_w.l(qsort.o)
    0x0800025c   0x0800025c   0x00000020   Code   RO          316    .text               mc_w.l(__0scanf.o)
    0x0800027c   0x0800027c   0x0000014c   Code   RO          318    .text               mc_w.l(_scanf_int.o)
    0x080003c8   0x080003c8   0x00000360   Code   RO          320    .text               mc_w.l(scanf_fp.o)
    0x08000728   0x08000728   0x0000002c   Code   RO          349    .text               mc_w.l(uidiv.o)
    0x08000754   0x08000754   0x00000062   Code   RO          351    .text               mc_w.l(uldiv.o)
    0x080007b6   0x080007b6   0x0000001c   Code   RO          360    .text               mc_w.l(_chval.o)
    0x080007d2   0x080007d2   0x00000002   PAD
    0x080007d4   0x080007d4   0x00000014   Code   RO          362    .text               mc_w.l(scanf_char_file.o)
    0x080007e8   0x080007e8   0x00000000   Code   RO          364    .text               mc_w.l(iusefp.o)
    0x080007e8   0x080007e8   0x0000014e   Code   RO          365    .text               mf_w.l(dadd.o)
    0x08000936   0x08000936   0x000000e4   Code   RO          367    .text               mf_w.l(dmul.o)
    0x08000a1a   0x08000a1a   0x000000de   Code   RO          369    .text               mf_w.l(ddiv.o)
    0x08000af8   0x08000af8   0x00000018   Code   RO          371    .text               mf_w.l(dfltul.o)
    0x08000b10   0x08000b10   0x00000030   Code   RO          373    .text               mf_w.l(dfixul.o)
    0x08000b40   0x08000b40   0x00000030   Code   RO          375    .text               mf_w.l(cdrcmple.o)
    0x08000b70   0x08000b70   0x00000038   Code   RO          377    .text               mf_w.l(d2f.o)
    0x08000ba8   0x08000ba8   0x00000024   Code   RO          379    .text               mc_w.l(init.o)
    0x08000bcc   0x08000bcc   0x0000002c   Code   RO          381    .text               mc_w.l(fgetc_b.o)
    0x08000bf8   0x08000bf8   0x0000001e   Code   RO          384    .text               mc_w.l(llshl.o)
    0x08000c16   0x08000c16   0x00000020   Code   RO          386    .text               mc_w.l(llushr.o)
    0x08000c36   0x08000c36   0x00000024   Code   RO          388    .text               mc_w.l(llsshr.o)
    0x08000c5a   0x08000c5a   0x00000002   PAD
    0x08000c5c   0x08000c5c   0x00000028   Code   RO          390    .text               mc_w.l(scanf_char.o)
    0x08000c84   0x08000c84   0x0000006e   Code   RO          392    .text               mf_w.l(fepilogue.o)
    0x08000cf2   0x08000cf2   0x000000ba   Code   RO          394    .text               mf_w.l(depilogue.o)
    0x08000dac   0x08000dac   0x00000000   Code   RO          396    .text               mc_w.l(semi.o)
    0x08000dac   0x08000dac   0x0000000a   Code   RO          397    .text               mc_w.l(isspace_c.o)
    0x08000db6   0x08000db6   0x00000002   PAD
    0x08000db8   0x08000db8   0x0000032c   Code   RO          399    .text               mc_w.l(_scanf.o)
    0x080010e4   0x080010e4   0x00000000   Code   RO          401    .text               mc_w.l(iusesemig.o)
    0x080010e4   0x080010e4   0x00000028   Code   RO          402    .text               mc_w.l(ctype_c.o)
    0x0800110c   0x0800110c   0x00000024   Code   RO          472    .text               mc_w.l(memcpya.o)
    0x08001130   0x08001130   0x0000001a   Code   RO          476    .text               mf_w.l(dfltui.o)
    0x0800114a   0x0800114a   0x00000002   Code   RO          422    .text.BusFault_Handler  lto-llvm-2990b1.o
    0x0800114c   0x0800114c   0x00000002   Code   RO          428    .text.DebugMon_Handler  lto-llvm-2990b1.o
    0x0800114e   0x0800114e   0x00000008   Code   RO          410    .text.Error_Handler  lto-llvm-2990b1.o
    0x08001156   0x08001156   0x00000002   PAD
    0x08001158   0x08001158   0x00000010   Code   RO          442    .text.HAL_Delay     lto-llvm-2990b1.o
    0x08001168   0x08001168   0x00000060   Code   RO          440    .text.HAL_InitTick  lto-llvm-2990b1.o
    0x080011c8   0x080011c8   0x00000024   Code   RO          446    .text.HAL_RCC_GetPCLK1Freq  lto-llvm-2990b1.o
    0x080011ec   0x080011ec   0x00000060   Code   RO          444    .text.HAL_RCC_GetSysClockFreq  lto-llvm-2990b1.o
    0x0800124c   0x0800124c   0x00000002   Code   RO          418    .text.HardFault_Handler  lto-llvm-2990b1.o
    0x0800124e   0x0800124e   0x00000002   Code   RO          420    .text.MemManage_Handler  lto-llvm-2990b1.o
    0x08001250   0x08001250   0x00000002   Code   RO          416    .text.NMI_Handler   lto-llvm-2990b1.o
    0x08001252   0x08001252   0x00000012   Code   RO          452    .text.OUTLINED_FUNCTION_0  lto-llvm-2990b1.o
    0x08001264   0x08001264   0x0000000c   Code   RO          454    .text.OUTLINED_FUNCTION_1  lto-llvm-2990b1.o
    0x08001270   0x08001270   0x00000008   Code   RO          456    .text.OUTLINED_FUNCTION_2  lto-llvm-2990b1.o
    0x08001278   0x08001278   0x0000000a   Code   RO          458    .text.OUTLINED_FUNCTION_3  lto-llvm-2990b1.o
    0x08001282   0x08001282   0x00000002   Code   RO          430    .text.PendSV_Handler  lto-llvm-2990b1.o
    0x08001284   0x08001284   0x00000002   Code   RO          426    .text.SVC_Handler   lto-llvm-2990b1.o
    0x08001286   0x08001286   0x00000002   PAD
    0x08001288   0x08001288   0x0000000c   Code   RO          432    .text.SysTick_Handler  lto-llvm-2990b1.o
    0x08001294   0x08001294   0x00000010   Code   RO          450    .text.SystemInit    lto-llvm-2990b1.o
    0x080012a4   0x080012a4   0x00000002   Code   RO          434    .text.TIM2_IRQHandler  lto-llvm-2990b1.o
    0x080012a6   0x080012a6   0x00000002   PAD
    0x080012a8   0x080012a8   0x000000a0   Code   RO          448    .text.UART_WaitOnFlagUntilTimeout  lto-llvm-2990b1.o
    0x08001348   0x08001348   0x00000002   Code   RO          424    .text.UsageFault_Handler  lto-llvm-2990b1.o
    0x0800134a   0x0800134a   0x00000002   PAD
    0x0800134c   0x0800134c   0x00000248   Code   RO          438    .text.aiRun         lto-llvm-2990b1.o
    0x08001594   0x08001594   0x00000016   Code   RO          436    .text.compare       lto-llvm-2990b1.o
    0x080015aa   0x080015aa   0x00000002   PAD
    0x080015ac   0x080015ac   0x000000c0   Code   RO          414    .text.fgetc         lto-llvm-2990b1.o
    0x0800166c   0x0800166c   0x00000084   Code   RO          412    .text.fputc         lto-llvm-2990b1.o
    0x080016f0   0x080016f0   0x0000003c   Code   RO          406    .text.getCurrentMicros  lto-llvm-2990b1.o
    0x0800172c   0x0800172c   0x00000004   PAD
    0x08001730   0x08001730   0x00000714   Code   RO          408    .text.main          lto-llvm-2990b1.o
    0x08001e44   0x08001e44   0x00000020   Code   RO          288    i.__0printf         mc_w.l(printfa.o)
    0x08001e64   0x08001e64   0x0000003a   Code   RO           44    i.__hardfp_sqrtf    m_wm.l(sqrtf.o)
    0x08001e9e   0x08001e9e   0x0000000e   Code   RO          480    i.__scatterload_copy  mc_w.l(handlers.o)
    0x08001eac   0x08001eac   0x00000002   Code   RO          481    i.__scatterload_null  mc_w.l(handlers.o)
    0x08001eae   0x08001eae   0x0000000e   Code   RO          482    i.__scatterload_zeroinit  mc_w.l(handlers.o)
    0x08001ebc   0x08001ebc   0x0000000c   Code   RO          355    i.__set_errno       mc_w.l(errno.o)
    0x08001ec8   0x08001ec8   0x00000184   Code   RO          295    i._fp_digits        mc_w.l(printfa.o)
    0x0800204c   0x0800204c   0x0000000e   Code   RO          322    i._is_digit         mc_w.l(scanf_fp.o)
    0x0800205a   0x0800205a   0x00000002   PAD
    0x0800205c   0x0800205c   0x000006dc   Code   RO          296    i._printf_core      mc_w.l(printfa.o)
    0x08002738   0x08002738   0x00000024   Code   RO          297    i._printf_post_padding  mc_w.l(printfa.o)
    0x0800275c   0x0800275c   0x0000002e   Code   RO          298    i._printf_pre_padding  mc_w.l(printfa.o)
    0x0800278a   0x0800278a   0x00000040   Data   RO          403    .constdata          mc_w.l(ctype_c.o)
    0x080027ca   0x080027ca   0x00000002   PAD
    0x080027cc   0x080027cc   0x00000020   Data   RO          479    Region$$Table       anon$$obj.o


    Execution Region RW_IRAM2 (Exec base: 0x10000000, Load base: 0x08002808, Size: 0x00000000, Max: 0x00001000, ABSOLUTE)

    **** No section assigned to this execution region ****


    Execution Region RW_IRAM1 (Exec base: 0x20000000, Load base: 0x080027f0, Size: 0x00001c58, Max: 0x00003000, ABSOLUTE)

    Exec Addr    Load Addr    Size         Type   Attr      Idx    E Section Name        Object

    0x20000000   0x080027f0   0x00000004   Data   RW          338    .data               mc_w.l(stdin.o)
    0x20000004   0x080027f4   0x00000004   Data   RW          339    .data               mc_w.l(stdout.o)
    0x20000008   0x080027f8   0x00000004   Data   RW          356    .data               mc_w.l(errno.o)
    0x2000000c   0x080027fc   0x00000003   Data   RW          382    .data               mc_w.l(fgetc_b.o)
    0x2000000f   0x080027ff   0x00000001   PAD
    0x20000010   0x08002800   0x00000008   Data   RW          463    .data..L_MergedGlobals  lto-llvm-2990b1.o
    0x20000018        -       0x00000030   Zero   RW          464    .bss..L_MergedGlobals.55  lto-llvm-2990b1.o
    0x20000048        -       0x00000088   Zero   RW          462    .bss.huart2         lto-llvm-2990b1.o
    0x200000d0        -       0x00001388   Zero   RW          460    .bss.input          lto-llvm-2990b1.o
    0x20001458        -       0x00000800   Zero   RW            1    STACK               startup_stm32f303x8.o


==============================================================================

Image component sizes


      Code (inc. data)   RO Data    RW Data    ZI Data      Debug   Object Name

      3308        256          0          8       5184      46687   lto-llvm-2990b1.o
        36          8        392          0       2048        836   startup_stm32f303x8.o

    ----------------------------------------------------------------------
      3358        268        424          8       7232      47523   Object Totals
         0          0         32          0          0          0   (incl. Generated)
        14          4          0          0          0          0   (incl. Padding)

    ----------------------------------------------------------------------

      Code (inc. data)   RO Data    RW Data    ZI Data      Debug   Library Member Name

        58          0          0          0          0        136   sqrtf.o
        32          6          0          0          0         84   __0scanf.o
        28          0          0          0          0         68   _chval.o
       812          4          0          0          0        112   _scanf.o
       332          0          0          0          0         96   _scanf_int.o
        40          6         64          0          0         68   ctype_c.o
         0          0          0          0          0          0   entry.o
         0          0          0          0          0          0   entry10a.o
         0          0          0          0          0          0   entry11a.o
         8          4          0          0          0          0   entry2.o
         4          0          0          0          0          0   entry5.o
         0          0          0          0          0          0   entry7b.o
         0          0          0          0          0          0   entry8b.o
         8          4          0          0          0          0   entry9a.o
        12          6          0          4          0         68   errno.o
        44          6          0          3          0        144   fgetc_b.o
        30          0          0          0          0          0   handlers.o
        36          8          0          0          0         68   init.o
        10          0          0          0          0         68   isspace_c.o
         0          0          0          0          0          0   iusefp.o
         0          0          0          0          0          0   iusesemig.o
        30          0          0          0          0         68   llshl.o
        36          0          0          0          0         68   llsshr.o
        32          0          0          0          0         68   llushr.o
        36          0          0          0          0         68   memcpya.o
      2258         90          0          0          0        452   printfa.o
       156          0          0          0          0         88   qsort.o
        40          8          0          0          0         84   scanf_char.o
        20          8          0          0          0         68   scanf_char_file.o
       878         12          0          0          0        216   scanf_fp.o
         0          0          0          0          0          0   semi.o
         0          0          0          4          0          0   stdin.o
         0          0          0          4          0          0   stdout.o
        44          0          0          0          0         80   uidiv.o
        98          0          0          0          0         92   uldiv.o
        48          0          0          0          0         68   cdrcmple.o
        56          0          0          0          0         88   d2f.o
       334          0          0          0          0        148   dadd.o
       222          0          0          0          0        100   ddiv.o
       186          0          0          0          0        176   depilogue.o
        48          0          0          0          0         68   dfixul.o
        26          0          0          0          0         76   dfltui.o
        24          0          0          0          0         76   dfltul.o
       228          0          0          0          0         96   dmul.o
       110          0          0          0          0        168   fepilogue.o

    ----------------------------------------------------------------------
      6372        162         66         16          0       3328   Library Totals
         8          0          2          1          0          0   (incl. Padding)

    ----------------------------------------------------------------------

      Code (inc. data)   RO Data    RW Data    ZI Data      Debug   Library Name

        58          0          0          0          0        136   m_wm.l
      5024        162         64         15          0       2128   mc_w.l
      1282          0          0          0          0       1064   mf_w.l

    ----------------------------------------------------------------------
      6372        162         66         16          0       3328   Library Totals

    ----------------------------------------------------------------------

==============================================================================


      Code (inc. data)   RO Data    RW Data    ZI Data      Debug   

      9730        430        490         24       7232      49339   Grand Totals
      9730        430        490         24       7232      49339   ELF Image Totals
      9730        430        490         24          0          0   ROM Totals

==============================================================================

    Total RO  Size (Code + RO Data)                10220 (   9.98kB)
    Total RW  Size (RW Data + ZI Data)              7256 (   7.09kB)
    Total ROM Size (Code + RO Data + RW Data)      10244 (  10.00kB)

==============================================================================

